[    0.000000] Initializing cgroup subsys cpuset
[    0.000000] Initializing cgroup subsys cpu
[    0.000000] Initializing cgroup subsys cpuacct
[    0.000000] Linux version 4.4.0-210-generic (buildd@lgw01-amd64-009) (gcc version 5.4.0 20160609 (Ubuntu 5.4.0-6ubuntu1~16.04.12) ) #242-Ubuntu SMP Fri Apr 16 09:57:56 UTC 2021 (Ubuntu 4.4.0-210.242-generic 4.4.262)
[    0.000000] Command line: BOOT_IMAGE=/boot/vmlinuz-4.4.0-210-generic root=LABEL=cloudimg-rootfs ro console=tty1 console=ttyS0
[    0.000000] KERNEL supported cpus:
[    0.000000]   Intel GenuineIntel
[    0.000000]   AMD AuthenticAMD
[    0.000000]   Centaur CentaurHauls
[    0.000000] x86/fpu: xstate_offset[2]:  576, xstate_sizes[2]:  256
[    0.000000] x86/fpu: Supporting XSAVE feature 0x01: 'x87 floating point registers'
[    0.000000] x86/fpu: Supporting XSAVE feature 0x02: 'SSE registers'
[    0.000000] x86/fpu: Supporting XSAVE feature 0x04: 'AVX registers'
[    0.000000] x86/fpu: Enabled xstate features 0x7, context size is 832 bytes, using 'standard' format.
[    0.000000] e820: BIOS-provided physical RAM map:
[    0.000000] BIOS-e820: [mem 0x0000000000000000-0x000000000009fbff] usable
[    0.000000] BIOS-e820: [mem 0x000000000009fc00-0x000000000009ffff] reserved
[    0.000000] BIOS-e820: [mem 0x00000000000f0000-0x00000000000fffff] reserved
[    0.000000] BIOS-e820: [mem 0x0000000000100000-0x000000001ffeffff] usable
[    0.000000] BIOS-e820: [mem 0x000000001fff0000-0x000000001fffffff] ACPI data
[    0.000000] BIOS-e820: [mem 0x00000000fec00000-0x00000000fec00fff] reserved
[    0.000000] BIOS-e820: [mem 0x00000000fee00000-0x00000000fee00fff] reserved
[    0.000000] BIOS-e820: [mem 0x00000000fffc0000-0x00000000ffffffff] reserved
[    0.000000] NX (Execute Disable) protection: active
[    0.000000] SMBIOS 2.5 present.
[    0.000000] Hypervisor detected: KVM
[    0.000000] e820: last_pfn = 0x1fff0 max_arch_pfn = 0x400000000
[    0.000000] x86/PAT: Configuration [0-7]: WB  WC  UC- UC  WB  WC  UC- WT  
[    0.000000] CPU MTRRs all blank - virtualized system.
[    0.000000] found SMP MP-table at [mem 0x0009fbf0-0x0009fbff] mapped at [ffff88000009fbf0]
[    0.000000] Scanning 1 areas for low memory corruption
[    0.000000] RAMDISK: [mem 0x1e8c2000-0x1f74bfff]
[    0.000000] ACPI: Early table checksum verification disabled
[    0.000000] ACPI: RSDP 0x00000000000E0000 000024 (v02 VBOX  )
[    0.000000] ACPI: XSDT 0x000000001FFF0030 00003C (v01 VBOX   VBOXXSDT 00000001 ASL  00000061)
[    0.000000] ACPI: FACP 0x000000001FFF00F0 0000F4 (v04 VBOX   VBOXFACP 00000001 ASL  00000061)
[    0.000000] ACPI: DSDT 0x000000001FFF02F0 002353 (v02 VBOX   VBOXBIOS 00000002 VBOX 0002A122)
[    0.000000] ACPI: FACS 0x000000001FFF0200 000040
[    0.000000] ACPI: FACS 0x000000001FFF0200 000040
[    0.000000] ACPI: APIC 0x000000001FFF0240 00005C (v02 VBOX   VBOXAPIC 00000001 ASL  00000061)
[    0.000000] ACPI: SSDT 0x000000001FFF02A0 000045 (v01 VBOX   VBOXCPUT 00000002 VBOX 0002A122)
[    0.000000] No NUMA configuration found
[    0.000000] Faking a node at [mem 0x0000000000000000-0x000000001ffeffff]
[    0.000000] NODE_DATA(0) allocated [mem 0x1ffeb000-0x1ffeffff]
[    0.000000] kvm-clock: Using msrs 4b564d01 and 4b564d00
[    0.000000] kvm-clock: cpu 0, msr 0:1ffe3001, primary cpu clock
[    0.000000] kvm-clock: using sched offset of 5420281851 cycles
[    0.000000] clocksource: kvm-clock: mask: 0xffffffffffffffff max_cycles: 0x1cd42e4dffb, max_idle_ns: 881590591483 ns
[    0.000000] Zone ranges:
[    0.000000]   DMA      [mem 0x0000000000001000-0x0000000000ffffff]
[    0.000000]   DMA32    [mem 0x0000000001000000-0x000000001ffeffff]
[    0.000000]   Normal   empty
[    0.000000]   Device   empty
[    0.000000] Movable zone start for each node
[    0.000000] Early memory node ranges
[    0.000000]   node   0: [mem 0x0000000000001000-0x000000000009efff]
[    0.000000]   node   0: [mem 0x0000000000100000-0x000000001ffeffff]
[    0.000000] Initmem setup node 0 [mem 0x0000000000001000-0x000000001ffeffff]
[    0.000000] ACPI: PM-Timer IO Port: 0x4008
[    0.000000] IOAPIC[0]: apic_id 2, version 32, address 0xfec00000, GSI 0-23
[    0.000000] ACPI: INT_SRC_OVR (bus 0 bus_irq 0 global_irq 2 dfl dfl)
[    0.000000] ACPI: INT_SRC_OVR (bus 0 bus_irq 9 global_irq 9 low level)
[    0.000000] Using ACPI (MADT) for SMP configuration information
[    0.000000] smpboot: Allowing 2 CPUs, 0 hotplug CPUs
[    0.000000] PM: Registered nosave memory: [mem 0x00000000-0x00000fff]
[    0.000000] PM: Registered nosave memory: [mem 0x0009f000-0x0009ffff]
[    0.000000] PM: Registered nosave memory: [mem 0x000a0000-0x000effff]
[    0.000000] PM: Registered nosave memory: [mem 0x000f0000-0x000fffff]
[    0.000000] e820: [mem 0x20000000-0xfebfffff] available for PCI devices
[    0.000000] Booting paravirtualized kernel on KVM
[    0.000000] clocksource: refined-jiffies: mask: 0xffffffff max_cycles: 0xffffffff, max_idle_ns: 7645519600211568 ns
[    0.000000] setup_percpu: NR_CPUS:512 nr_cpumask_bits:512 nr_cpu_ids:2 nr_node_ids:1
[    0.000000] PERCPU: Embedded 33 pages/cpu @ffff88001fc00000 s95192 r8192 d31784 u1048576
[    0.000000] Built 1 zonelists in Node order, mobility grouping on.  Total pages: 128888
[    0.000000] Policy zone: DMA32
[    0.000000] Kernel command line: BOOT_IMAGE=/boot/vmlinuz-4.4.0-210-generic root=LABEL=cloudimg-rootfs ro console=tty1 console=ttyS0
[    0.000000] PID hash table entries: 2048 (order: 2, 16384 bytes)
[    0.000000] Memory: 481712K/523832K available (8644K kernel code, 1332K rwdata, 4044K rodata, 1492K init, 1164K bss, 42120K reserved, 0K cma-reserved)
[    0.000000] SLUB: HWalign=64, Order=0-3, MinObjects=0, CPUs=2, Nodes=1
[    0.000000] Kernel/User page tables isolation: enabled
[    0.000000] Hierarchical RCU implementation.
[    0.000000] 	Build-time adjustment of leaf fanout to 64.
[    0.000000] 	RCU restricting CPUs from NR_CPUS=512 to nr_cpu_ids=2.
[    0.000000] RCU: Adjusting geometry for rcu_fanout_leaf=64, nr_cpu_ids=2
[    0.000000] NR_IRQS:33024 nr_irqs:440 16
[    0.000000] Console: colour VGA+ 80x25
[    0.000000] console [tty1] enabled
[    0.000000] console [ttyS0] enabled
[    0.000000] tsc: Detected 2592.006 MHz processor
[    0.991802] Calibrating delay loop (skipped) preset value.. 5184.01 BogoMIPS (lpj=10368024)
[    1.021884] pid_max: default: 32768 minimum: 301
[    1.043940] ACPI: Core revision 20150930
[    1.061993] ACPI: 2 ACPI AML tables successfully acquired and loaded
[    1.092981] Security Framework initialized
[    1.110144] Yama: becoming mindful.
[    1.126190] AppArmor: AppArmor initialized
[    1.146622] Dentry cache hash table entries: 65536 (order: 7, 524288 bytes)
[    1.176765] Inode-cache hash table entries: 32768 (order: 6, 262144 bytes)
[    1.206503] Mount-cache hash table entries: 1024 (order: 1, 8192 bytes)
[    1.236091] Mountpoint-cache hash table entries: 1024 (order: 1, 8192 bytes)
[    1.269156] Initializing cgroup subsys io
[    1.288601] Initializing cgroup subsys memory
[    1.309318] Initializing cgroup subsys devices
[    1.329215] Initializing cgroup subsys freezer
[    1.346064] Initializing cgroup subsys net_cls
[    1.365604] Initializing cgroup subsys perf_event
[    1.388098] Initializing cgroup subsys net_prio
[    1.408195] Initializing cgroup subsys hugetlb
[    1.427030] Initializing cgroup subsys pids
[    1.484626] mce: CPU supports 0 MCE banks
[    1.501487] Last level iTLB entries: 4KB 64, 2MB 8, 4MB 8
[    1.524769] Last level dTLB entries: 4KB 64, 2MB 0, 4MB 0, 1GB 4
[    1.550629] Spectre V1 : Mitigation: usercopy/swapgs barriers and __user pointer sanitization
[    1.586677] Spectre V2 : Mitigation: Full generic retpoline
[    1.613429] Spectre V2 : Spectre v2 / SpectreRSB mitigation: Filling RSB on context switch
[    1.648001] Speculative Store Bypass: Vulnerable
[    1.673366] SRBDS: Unknown: Dependent on hypervisor status
[    1.697606] MDS: Mitigation: Clear CPU buffers
[    1.869603] Freeing SMP alternatives memory: 36K
[    2.352235] ftrace: allocating 32380 entries in 127 pages
[    4.131305] smpboot: APIC(0) Converting physical 0 to logical package 0
[    4.162464] smpboot: Max logical packages: 1
[    4.222976] ..TIMER: vector=0x30 apic1=0 pin1=2 apic2=-1 pin2=-1
[    4.351584] smpboot: CPU0: Intel(R) Core(TM) i7-9750H CPU @ 2.60GHz (family: 0x6, model: 0x9e, stepping: 0xa)
[    4.387005] Performance Events: unsupported p6 CPU model 158 no PMU driver, software events only.
[    4.859029] KVM setup paravirtual spinlock
[    4.873818] x86: Booting SMP configuration:
[    4.887572] .... node  #0, CPUs:      #1
[    4.905355] kvm-clock: cpu 1, msr 0:1ffe3041, secondary cpu clock
[    4.961981] mce: CPU supports 0 MCE banks
[    4.973864] x86: Booted up 1 node, 2 CPUs
[    4.988148] smpboot: Total of 2 processors activated (10368.02 BogoMIPS)
[    5.018148] devtmpfs: initialized
[    5.034315] evm: security.selinux
[    5.045629] evm: security.SMACK64
[    5.056773] evm: security.SMACK64EXEC
[    5.070209] evm: security.SMACK64TRANSMUTE
[    5.080776] evm: security.SMACK64MMAP
[    5.091618] evm: security.ima
[    5.101001] evm: security.capability
[    5.115945] clocksource: jiffies: mask: 0xffffffff max_cycles: 0xffffffff, max_idle_ns: 7645041785100000 ns
[    5.137031] futex hash table entries: 512 (order: 3, 32768 bytes)
[    5.148362] pinctrl core: initialized pinctrl subsystem
[    5.164428] RTC time: 13:45:42, date: 02/10/26
[    5.184806] NET: Registered protocol family 16
[    5.211653] cpuidle: using governor ladder
[    5.236841] cpuidle: using governor menu
[    5.252100] PCCT header not found.
[    5.265576] ACPI: bus type PCI registered
[    5.281200] acpiphp: ACPI Hot Plug PCI Controller Driver version: 0.5
[    5.306048] PCI: Using configuration type 1 for base access
[    5.357691] ACPI: Added _OSI(Module Device)
[    5.372447] ACPI: Added _OSI(Processor Device)
[    5.389355] ACPI: Added _OSI(3.0 _SCP Extensions)
[    5.406128] ACPI: Added _OSI(Processor Aggregator Device)
[    5.425303] ACPI: Executed 1 blocks of module-level executable AML code
[    5.467471] ACPI: Interpreter enabled
[    5.482471] ACPI: (supports S0 S5)
[    5.494795] ACPI: Using IOAPIC for interrupt routing
[    5.514662] PCI: Using host bridge windows from ACPI; if necessary, use "pci=nocrs" and report a bug
[    5.564511] ACPI: PCI Root Bridge [PCI0] (domain 0000 [bus 00-ff])
[    5.586901] acpi PNP0A03:00: _OSC: OS supports [ASPM ClockPM Segments MSI]
[    5.612802] acpi PNP0A03:00: _OSC: not requesting OS control; OS requires [ExtendedConfig ASPM ClockPM MSI]
[    5.647207] acpi PNP0A03:00: fail to add MMCONFIG information, can't access extended PCI configuration space under this bridge.
[    5.683074] PCI host bridge to bus 0000:00
[    5.697804] pci_bus 0000:00: root bus resource [io  0x0000-0x0cf7 window]
[    5.723598] pci_bus 0000:00: root bus resource [io  0x0d00-0xffff window]
[    5.747776] pci_bus 0000:00: root bus resource [mem 0x000a0000-0x000bffff window]
[    5.773645] pci_bus 0000:00: root bus resource [mem 0x20000000-0xfdffffff window]
[    5.804106] pci_bus 0000:00: root bus resource [bus 00-ff]
[    5.856148] pci 0000:00:01.1: legacy IDE quirk: reg 0x10: [io  0x01f0-0x01f7]
[    5.880551] pci 0000:00:01.1: legacy IDE quirk: reg 0x14: [io  0x03f6]
[    5.904781] pci 0000:00:01.1: legacy IDE quirk: reg 0x18: [io  0x0170-0x0177]
[    5.929182] pci 0000:00:01.1: legacy IDE quirk: reg 0x1c: [io  0x0376]
[    6.035003] pci 0000:00:07.0: quirk: [io  0x4000-0x403f] claimed by PIIX4 ACPI
[    6.061299] pci 0000:00:07.0: quirk: [io  0x4100-0x410f] claimed by PIIX4 SMB
[    6.161927] ACPI: PCI Interrupt Link [LNKA] (IRQs 5 9 10 *11)
[    6.204372] ACPI: PCI Interrupt Link [LNKB] (IRQs 5 9 *10 11)
[    6.241000] ACPI: PCI Interrupt Link [LNKC] (IRQs 5 *9 10 11)
[    6.263783] ACPI: PCI Interrupt Link [LNKD] (IRQs 5 9 10 *11)
[    6.276539] ACPI: Enabled 2 GPEs in block 00 to 07
[    6.285137] vgaarb: setting as boot device: PCI:0000:00:02.0
[    6.292392] vgaarb: device added: PCI:0000:00:02.0,decodes=io+mem,owns=io+mem,locks=none
[    6.307929] vgaarb: loaded
[    6.319944] vgaarb: bridge control possible 0000:00:02.0
[    6.343724] SCSI subsystem initialized
[    6.364086] ACPI: bus type USB registered
[    6.381471] usbcore: registered new interface driver usbfs
[    6.405929] usbcore: registered new interface driver hub
[    6.427989] usbcore: registered new device driver usb
[    6.453670] PCI: Using ACPI for IRQ routing
[    6.475105] NetLabel: Initializing
[    6.490373] NetLabel:  domain hash size = 128
[    6.510277] NetLabel:  protocols = UNLABELED CIPSOv4
[    6.530977] NetLabel:  unlabeled traffic allowed by default
[    6.554196] amd_nb: Cannot enumerate AMD northbridges
[    6.572480] clocksource: Switched to clocksource kvm-clock
[    6.680130] AppArmor: AppArmor Filesystem Enabled
[    6.696795] pnp: PnP ACPI init
[    6.713883] pnp: PnP ACPI: found 3 devices
[    6.742636] clocksource: acpi_pm: mask: 0xffffff max_cycles: 0xffffff, max_idle_ns: 2085701024 ns
[    6.769569] NET: Registered protocol family 2
[    6.786625] TCP established hash table entries: 4096 (order: 3, 32768 bytes)
[    6.809247] TCP bind hash table entries: 4096 (order: 4, 65536 bytes)
[    6.827467] TCP: Hash tables configured (established 4096 bind 4096)
[    6.849094] UDP hash table entries: 256 (order: 1, 8192 bytes)
[    6.868537] UDP-Lite hash table entries: 256 (order: 1, 8192 bytes)
[    6.889698] NET: Registered protocol family 1
[    6.904682] pci 0000:00:00.0: Limiting direct PCI/PCI transfers
[    6.923896] pci 0000:00:01.0: Activating ISA DMA hang workarounds
[    6.945538] Unpacking initramfs...
[    8.166400] Freeing initrd memory: 14888K
[    8.181078] clocksource: tsc: mask: 0xffffffffffffffff max_cycles: 0x255cbc978bf, max_idle_ns: 440795251759 ns
[    8.223318] platform rtc_cmos: registered platform RTC device (no PNP device found)
[    8.255701] Scanning for low memory corruption every 60 seconds
[    8.282199] audit: initializing netlink subsys (disabled)
[    8.304687] audit: type=2000 audit(1770731149.335:1): initialized
[    8.333370] Initialise system trusted keyring
[    8.356095] HugeTLB registered 2 MB page size, pre-allocated 0 pages
[    8.383100] zbud: loaded
[    8.398189] VFS: Disk quotas dquot_6.6.0
[    8.415932] VFS: Dquot-cache hash table entries: 512 (order 0, 4096 bytes)
[    8.444343] squashfs: version 4.0 (2009/01/31) Phillip Lougher
[    8.468450] fuse init (API version 7.23)
[    8.483836] Key type big_key registered
[    8.497670] Allocating IMA MOK and blacklist keyrings.
[    8.524009] Key type asymmetric registered
[    8.529149] Asymmetric key parser 'x509' registered
[    8.534677] Block layer SCSI generic (bsg) driver version 0.4 loaded (major 249)
[    8.544387] io scheduler noop registered
[    8.550459] io scheduler deadline registered (default)
[    8.559474] io scheduler cfq registered
[    8.567390] pci_hotplug: PCI Hot Plug PCI Core version: 0.5
[    8.578952] pciehp: PCI Express Hot Plug Controller Driver version: 0.4
[    8.590768] ACPI: AC Adapter [AC] (off-line)
[    8.606227] input: Power Button as /devices/LNXSYSTM:00/LNXPWRBN:00/input/input0
[    8.630151] ACPI: Power Button [PWRF]
[    8.643604] input: Sleep Button as /devices/LNXSYSTM:00/LNXSLPBN:00/input/input1
[    8.667032] ACPI: Sleep Button [SLPF]
[    8.683052] GHES: HEST is not enabled!
[    8.689163] ACPI: Battery Slot [BAT0] (battery present)
[    8.713502] Serial: 8250/16550 driver, 32 ports, IRQ sharing enabled
[    8.790042] 00:02: ttyS0 at I/O 0x3f8 (irq = 4, base_baud = 115200) is a 16550A
[    8.816438] Linux agpgart interface v0.103
[    8.845983] loop: module loaded
[    8.864997] scsi host0: ata_piix
[    8.879695] scsi host1: ata_piix
[    8.891413] ata1: PATA max UDMA/33 cmd 0x1f0 ctl 0x3f6 bmdma 0xd000 irq 14
[    8.910641] ata2: PATA max UDMA/33 cmd 0x170 ctl 0x376 bmdma 0xd008 irq 15
[    8.931877] libphy: Fixed MDIO Bus: probed
[    8.946471] tun: Universal TUN/TAP device driver, 1.6
[    8.961650] tun: (C) 1999-2004 Max Krasnyansky <maxk@qualcomm.com>
[    8.981082] PPP generic driver version 2.4.2
[    8.995360] ehci_hcd: USB 2.0 'Enhanced' Host Controller (EHCI) Driver
[    9.013779] ehci-pci: EHCI PCI platform driver
[    9.028298] ehci-platform: EHCI generic platform driver
[    9.046202] ohci_hcd: USB 1.1 'Open' Host Controller (OHCI) Driver
[    9.066957] ohci-pci: OHCI PCI platform driver
[    9.081997] ohci-platform: OHCI generic platform driver
[    9.099555] uhci_hcd: USB Universal Host Controller Interface driver
[    9.126019] i8042: PNP: PS/2 Controller [PNP0303:PS2K,PNP0f03:PS2M] at 0x60,0x64 irq 1,12
[    9.172239] serio: i8042 KBD port at 0x60,0x64 irq 1
[    9.193354] serio: i8042 AUX port at 0x60,0x64 irq 12
[    9.213742] mousedev: PS/2 mouse device common for all mice
[    9.243773] rtc_cmos rtc_cmos: rtc core: registered rtc_cmos as rtc0
[    9.271404] rtc_cmos rtc_cmos: alarms up to one day, 114 bytes nvram
[    9.274395] input: AT Translated Set 2 keyboard as /devices/platform/i8042/serio0/input/input2
[    9.325405] i2c /dev entries driver
[    9.338388] device-mapper: uevent: version 1.0.3
[    9.355060] device-mapper: ioctl: 4.34.0-ioctl (2015-10-28) initialised: dm-devel@redhat.com
[    9.383126] ledtrig-cpu: registered to indicate activity on CPUs
[    9.408509] NET: Registered protocol family 10
[    9.424633] NET: Registered protocol family 17
[    9.448218] Key type dns_resolver registered
[    9.477294] registered taskstats version 1
[    9.503928] Loading compiled-in X.509 certificates
[    9.542127] Loaded X.509 cert 'Build time autogenerated kernel key: cf00e047681d67edb2720680708b7d9498083038'
[    9.600551] zswap: loaded using pool lzo/zbud
[    9.665917] Key type trusted registered
[    9.712289] Key type encrypted registered
[    9.717623] AppArmor: AppArmor sha1 policy hashing enabled
[    9.723902] ima: No TPM chip found, activating TPM-bypass!
[    9.730254] ima: Allocated hash algorithm: sha1
[    9.738449] evm: HMAC attrs: 0x1
[    9.746997]   Magic number: 14:340:786
[    9.755762] rtc_cmos rtc_cmos: setting system clock to 2026-02-10 13:45:47 UTC (1770731147)
[    9.773290] BIOS EDD facility v0.16 2004-Jun-25, 0 devices found
[    9.782651] EDD information not available.
[    9.795430] Freeing unused kernel memory: 1492K
[    9.821665] Write protecting the kernel read-only data: 14336k
[    9.841843] Freeing unused kernel memory: 1584K
[    9.876083] Freeing unused kernel memory: 52K
Loading, please wait...
starting version 229
[   10.045996] random: systemd-udevd: uninitialized urandom read (16 bytes read, 12 bits of entropy available)
[   10.049576] random: udevadm: uninitialized urandom read (16 bytes read, 12 bits of entropy available)
[   10.049645] random: udevadm: uninitialized urandom read (16 bytes read, 12 bits of entropy available)
[   10.081656] random: udevadm: uninitialized urandom read (16 bytes read, 12 bits of entropy available)
[   10.081745] random: udevadm: uninitialized urandom read (16 bytes read, 12 bits of entropy available)
[   10.082047] random: udevadm: uninitialized urandom read (16 bytes read, 12 bits of entropy available)
[   10.082215] random: udevadm: uninitialized urandom read (16 bytes read, 12 bits of entropy available)
[   10.082311] random: udevadm: uninitialized urandom read (16 bytes read, 12 bits of entropy available)
[   10.082447] random: udevadm: uninitialized urandom read (16 bytes read, 12 bits of entropy available)
[   10.082542] random: udevadm: uninitialized urandom read (16 bytes read, 12 bits of entropy available)
[   10.396303] e1000: Intel(R) PRO/1000 Network Driver - version 7.3.21-k8-NAPI
[   10.412781] e1000: Copyright (c) 1999-2006 Intel Corporation.
[   10.433451] Fusion MPT base driver 3.04.20
[   10.449044] Copyright (c) 1999-2008 LSI Corporation
[   10.559983] Fusion MPT SPI Host driver 3.04.20
[   10.631743] AVX2 version of gcm_enc/dec engaged.
[   10.639024] AES CTR mode by8 optimization enabled
[   10.837639] input: ImExPS/2 Generic Explorer Mouse as /devices/platform/i8042/serio1/input/input4
[   11.845778] e1000 0000:00:03.0 eth0: (PCI:33MHz:32-bit) 02:be:82:6b:cc:1d
[   11.868652] e1000 0000:00:03.0 eth0: Intel(R) PRO/1000 Network Connection
[   11.902213] mptbase: ioc0: Initiating bringup
[   11.902502] e1000 0000:00:03.0 enp0s3: renamed from eth0
[   12.011443] ioc0: LSI53C1030 A0: Capabilities={Initiator}
[   12.293710] scsi host2: ioc0: LSI53C1030 A0, FwRev=00000000h, Ports=1, MaxQ=256, IRQ=20
[   12.471179] scsi 2:0:0:0: Direct-Access     VBOX     HARDDISK         1.0  PQ: 0 ANSI: 5
[   12.518965] scsi target2:0:0: Beginning Domain Validation
[   12.570142] scsi target2:0:0: Domain Validation skipping write tests
[   12.590721] scsi target2:0:0: Ending Domain Validation
[   12.607755] scsi target2:0:0: asynchronous
[   12.630630] scsi 2:0:1:0: Direct-Access     VBOX     HARDDISK         1.0  PQ: 0 ANSI: 5
[   12.656318] scsi target2:0:1: Beginning Domain Validation
[   12.704351] scsi target2:0:1: Domain Validation skipping write tests
[   12.733616] scsi target2:0:1: Ending Domain Validation
[   12.767433] scsi target2:0:1: asynchronous
[   13.021665] sd 2:0:0:0: Attached scsi generic sg0 type 0
[   13.036703] sd 2:0:0:0: [sda] 83886080 512-byte logical blocks: (42.9 GB/40.0 GiB)
[   13.076929] sd 2:0:1:0: [sdb] 20480 512-byte logical blocks: (10.5 MB/10.0 MiB)
[   13.080731] sd 2:0:0:0: [sda] Write Protect is off
[   13.080941] sd 2:0:1:0: Attached scsi generic sg1 type 0
[   13.126816] sd 2:0:0:0: [sda] Write cache: enabled, read cache: enabled, supports DPO and FUA
[   13.130581] sd 2:0:1:0: [sdb] Write Protect is off
[   13.133918] sd 2:0:1:0: [sdb] Write cache: enabled, read cache: enabled, supports DPO and FUA
[   13.190784] sd 2:0:1:0: [sdb] Attached SCSI disk
[   13.245224]  sda: sda1
[   13.268095] sd 2:0:0:0: [sda] Attached SCSI disk
Begin: Loading essential drivers ... [   15.967799] md: linear personality registered for level -1
[   16.006764] md: multipath personality registered for level -4
[   16.040102] md: raid0 personality registered for level 0
[   16.113314] md: raid1 personality registered for level 1
[   16.221469] raid6: sse2x1   gen()  3378 MB/s
[   16.301285] raid6: sse2x1   xor()  3183 MB/s
[   16.381758] raid6: sse2x2   gen()  3365 MB/s
[   16.473108] raid6: sse2x2   xor()  1862 MB/s
[   16.564830] raid6: sse2x4   gen()  3685 MB/s
[   16.649022] raid6: sse2x4   xor()  4844 MB/s
[   16.721005] raid6: avx2x1   gen()  9576 MB/s
[   16.805630] raid6: avx2x2   gen()  8805 MB/s
[   16.889312] raid6: avx2x4   gen()  8545 MB/s
[   16.902990] raid6: using algorithm avx2x1 gen() 9576 MB/s
[   16.923117] raid6: using avx2x2 recovery algorithm
[   16.951344] xor: automatically using best checksumming function:
[   20.730263]    avx       : -1854529.-296 MB/sec
[   20.770104] async_tx: api initialized (async)
[   21.074578] md: raid6 personality registered for level 6
[   21.080869] md: raid5 personality registered for level 5
[   21.086536] md: raid4 personality registered for level 4
[   21.154868] md: raid10 personality registered for level 10
done.
Begin: Running /scripts/init-premount ... done.
Begin: Mounting root file system ... Begin: Running /scripts/local-top ... done.
Begin: Running /scripts/local-premount ... [   21.291915] Btrfs loaded
Scanning for Btrfs filesystems
done.
Warning: fsck not present, so skipping root file system
[   21.379998] EXT4-fs (sda1): mounted filesystem with ordered data mode. Opts: (null)
done.
Begin: Running /scripts/local-bottom ... done.
Begin: Running /scripts/init-bottom ... done.
[   21.756240] systemd[1]: systemd 229 running in system mode. (+PAM +AUDIT +SELINUX +IMA +APPARMOR +SMACK +SYSVINIT +UTMP +LIBCRYPTSETUP +GCRYPT +GNUTLS +ACL +XZ -LZ4 +SECCOMP +BLKID +ELFUTILS +KMOD -IDN)
[   21.826970] systemd[1]: Detected virtualization oracle.
[   21.845226] systemd[1]: Detected architecture x86-64.

Welcome to [1mUbuntu 16.04.7 LTS[0m!

[   21.893382] systemd[1]: Set hostname to <ubuntu>.
[   21.928055] systemd[1]: Initializing machine ID from random generator.
[   21.948429] systemd[1]: Installed transient /etc/machine-id file.
[   22.220293] random: nonblocking pool is initialized
[   22.583759] systemd[1]: Reached target Encrypted Volumes.
[[0;32m  OK  [0m] Reached target Encrypted Volumes.
[   22.618923] systemd[1]: Reached target System Time Synchronized.
[[0;32m  OK  [0m] Reached target System Time Synchronized.
[   22.654698] systemd[1]: Listening on /dev/initctl Compatibility Named Pipe.
[[0;32m  OK  [0m] Listening on /dev/initctl Compatibility Named Pipe.
[   22.695221] systemd[1]: Listening on Journal Socket (/dev/log).
[[0;32m  OK  [0m] Listening on Journal Socket (/dev/log).
[   22.734386] systemd[1]: Reached target Swap.
[[0;32m  OK  [0m] Reached target Swap.
[   22.766032] systemd[1]: Listening on udev Control Socket.
[[0;32m  OK  [0m] Listening on udev Control Socket.
[   22.803318] systemd[1]: Listening on Device-mapper event daemon FIFOs.
[[0;32m  OK  [0m] Listening on Device-mapper event daemon FIFOs.
[   22.826046] systemd[1]: Reached target User and Group Name Lookups.
[[0;32m  OK  [0m] Reached target User and Group Name Lookups.
[   22.864126] systemd[1]: Listening on fsck to fsckd communication Socket.
[[0;32m  OK  [0m] Listening on fsck to fsckd communication Socket.
[   22.906135] systemd[1]: Created slice User and Session Slice.
[[0;32m  OK  [0m] Created slice User and Session Slice.
[   22.947544] systemd[1]: Listening on LVM2 poll daemon socket.
[[0;32m  OK  [0m] Listening on LVM2 poll daemon socket.
[   22.995204] systemd[1]: Set up automount Arbitrary Executable File Formats File System Automount Point.
[[0;32m  OK  [0m] Set up automount Arbitrary Executab...ats File System Automount Point.
[   23.057176] systemd[1]: Listening on LVM2 metadata daemon socket.
[[0;32m  OK  [0m] Listening on LVM2 metadata daemon socket.
[   23.092434] systemd[1]: Listening on Journal Audit Socket.
[[0;32m  OK  [0m] Listening on Journal Audit Socket.
[   23.140238] systemd[1]: Listening on udev Kernel Socket.
[[0;32m  OK  [0m] Listening on udev Kernel Socket.
[   23.187018] systemd[1]: Listening on Journal Socket.
[[0;32m  OK  [0m] Listening on Journal Socket.
[   23.230629] systemd[1]: Started Trigger resolvconf update for networkd DNS.
[[0;32m  OK  [0m] Started Trigger resolvconf update for networkd DNS.
[   23.280456] systemd[1]: Started Forward Password Requests to Wall Directory Watch.
[[0;32m  OK  [0m] Started Forward Password Requests to Wall Directory Watch.
[   23.329122] systemd[1]: Listening on Syslog Socket.
[[0;32m  OK  [0m] Listening on Syslog Socket.
[   23.343177] systemd[1]: Created slice System Slice.
[[0;32m  OK  [0m] Created slice System Slice.
[   23.365481] systemd[1]: Starting Create list of required static device nodes for the current kernel...
         Starting Create list of required st... nodes for the current kernel...
[   23.423886] systemd[1]: Mounting POSIX Message Queue File System...
         Mounting POSIX Message Queue File System...
[   23.471496] systemd[1]: Starting Load Kernel Modules...
         Starting Load Kernel Modules...
[   23.528620] systemd[1]: Mounting Huge Pages File System...
         Mounting Huge Pages File System...[   23.572423] Loading iSCSI transport class v2.0-870.

[   23.590009] systemd[1]: Starting Monitoring of LVM2 mirrors, snapshots etc. using dmeventd or progress polling...
         Starting Monitoring of LVM2 mirrors... dmeventd or progress polling...
[   23.690030] systemd[1]: Starting File System Check on Root Device...
[   23.715324] iscsi: registered transport (tcp)
         Starting File System Check on Root Device...
[   23.764723] systemd[1]: Starting Nameserver information manager...
         Starting Nameserver information manager...
[   23.861443] systemd[1]: Starting Uncomplicated firewall...
         Starting Uncomplicated firewall...
[   24.002795] systemd[1]: Mounting Debug File System...
         Mounting Debug File System...
[   24.082386] systemd[1]: Starting Journal Service...
         Starting Journal Service...
[   24.170500] systemd[1]: Reached target Slices.
[[0;32m  OK  [0m] Reached target Slices.
[   24.234261] systemd[1]: Created slice system-serial\x2dgetty.slice.
[[0;32m  OK  [0m] Created slice system-serial\x2dgetty.slice.
[   24.299394] systemd[1]: Starting Set console keymap...
[   24.323736] iscsi: registered transport (iser)
         Starting Set console keymap...
[   24.401286] systemd[1]: Mounted Huge Pages File System.
[[0;32m  OK  [0m] Mounted Huge Pages File System.
[   24.471286] systemd[1]: Mounted POSIX Message Queue File System.
[[0;32m  OK  [0m] Mounted POSIX Message Queue File System.
[   24.488337] systemd[1]: Mounted Debug File System.
[[0;32m  OK  [0m] Mounted Debug File System.
[   24.500339] systemd[1]: Started Journal Service.
[[0;32m  OK  [0m] Started Journal Service.
[[0;32m  OK  [0m] Started Create list of required sta...ce nodes for the current kernel.
[[0;32m  OK  [0m] Started Load Kernel Modules.
[[0;32m  OK  [0m] Started File System Check on Root Device.
[[0;32m  OK  [0m] Started Uncomplicated firewall.
[[0;32m  OK  [0m] Started Set console keymap.
[[0;32m  OK  [0m] Started Nameserver information manager.
[[0;32m  OK  [0m] Started LVM2 metadata daemon.
[[0;32m  OK  [0m] Started File System Check Daemon to report status.
         Starting Remount Root and Kernel File Systems...[   24.797394] EXT4-fs (sda1): re-mounted. Opts: (null)

         Mounting FUSE Control File System...
         Starting Apply Kernel Variables...
         Starting Create Static Device Nodes in /dev...
[[0;32m  OK  [0m] Mounted FUSE Control File System.
[[0;32m  OK  [0m] Started Remount Root and Kernel File Systems.
         Starting Load/Save Random Seed...
         Starting Flush Journal to Persistent Storage...
         Starting udev Coldplug all Devices...
[[0;32m  OK  [0m] Started Apply Kernel Variables.
[[0;32m  OK  [0m] Started Create Static Device Nodes in /dev.
[[0;32m  OK  [0m] Started Load/Save Random Seed.
         Starting udev Kernel Device Manager...
[[0;32m  OK  [0m] Started Flush Journal to Persistent Storage.
[[0;32m  OK  [0m] Started Monitoring of LVM2 mirrors,...ng dmeventd or progress polling.
[[0;32m  OK  [0m] Reached target Local File Systems (Pre).
[[0;32m  OK  [0m] Reached target Local File Systems.
         Starting Set console font and keymap...
         Starting Tell Plymouth To Write Out Runtime Data...
         Starting Initial cloud-init job (pre-networking)...
         Starting Commit a transient machine-id on disk...
         Starting LSB: AppArmor initialization...
         Starting Create Volatile Files and Directories...
[[0;32m  OK  [0m] Started Tell Plymouth To Write Out Runtime Data.
[[0;32m  OK  [0m] Started Create Volatile Files and Directories.
[[0;32m  OK  [0m] Started Commit a transient machine-id on disk.
         Starting Update UTMP about System Boot/Shutdown...
[[0;32m  OK  [0m] Started udev Kernel Device Manager.
[[0;32m  OK  [0m] Started udev Coldplug all Devices.
[[0;32m  OK  [0m] Started Dispatch Password Requests to Console Directory Watch.
[[0;32m  OK  [0m] Started Update UTMP about System Boot/Shutdown.
[[0;32m  OK  [0m] Found device /dev/ttyS0.
[[0;32m  OK  [0m] Listening on Load/Save RF Kill Switch Status /dev/rfkill Watch.
[[0;32m  OK  [0m] Started Set console font and keymap.
[[0;32m  OK  [0m] Started LSB: AppArmor initialization.
         Starting Load AppArmor profiles managed internally by snapd...
[   28.132325] [[0;32m  OK  [0m] Created slice system-getty.slice.
cloud-init[480]: Cloud-init v. 21.1-19-gbad84ad4-0ubuntu1~16.04.2 running 'init-local' at Tue, 10 Feb 2026 13:46:08 +0000. Up 26.95 seconds.
[[0;32m  OK  [0m] Started Load AppArmor profiles managed internally by snapd.
[[0;32m  OK  [0m] Started Initial cloud-init job (pre-networking).
[[0;32m  OK  [0m] Reached target Network (Pre).
         Starting Raise network interfaces...
[[0;32m  OK  [0m] Started Raise network interfaces.
[[0;32m  OK  [0m] Reached target Network.
         Starting Initial cloud-init job (metadata service crawler)...
[   32.614503] cloud-init[950]: Cloud-init v. 21.1-19-gbad84ad4-0ubuntu1~16.04.2 running 'init' at Tue, 10 Feb 2026 13:46:12 +0000. Up 31.32 seconds.
[   32.636166] cloud-init[950]: ci-info: +++++++++++++++++++++++++++++++++++++++++++Net device info++++++++++++++++++++++++++++++++++++++++++++
[   32.656141] cloud-init[950]: ci-info: +--------+------+---------------------------------------+---------------+--------+-------------------+
[   32.676436] cloud-init[950]: ci-info: | Device |  Up  |                Address                |      Mask     | Scope  |     Hw-Address    |
[   32.696570] cloud-init[950]: ci-info: +--------+------+---------------------------------------+---------------+--------+-------------------+
[   32.716176] cloud-init[950]: ci-info: | enp0s3 | True |               10.0.2.15               | 255.255.255.0 | global | 02:be:82:6b:cc:1d |
[   32.740153] cloud-init[950]: ci-info: | enp0s3 | True | fd17:625c:f037:2:be:82ff:fe6b:cc1d/64 |       .       | global | 02:be:82:6b:cc:1d |
[   32.759523] cloud-init[950]: ci-info: | enp0s3 | True |       fe80::be:82ff:fe6b:cc1d/64      |       .       |  link  | 02:be:82:6b:cc:1d |
[   32.780618] cloud-init[950]: ci-info: |   lo   | True |               127.0.0.1               |   255.0.0.0   |  host  |         .         |
[   32.800950] cloud-init[950]: ci-info: |   lo   | True |                ::1/128                |       .       |  host  |         .         |
[   32.822139] cloud-init[950]: ci-info: +--------+------+---------------------------------------+---------------+--------+-------------------+
[   32.855324] cloud-init[950]: ci-info: +++++++++++++++++++++++++++Route IPv4 info++++++++++++++++++++++++++++[[0;32m  OK  [0m] Started Initial cloud-init job (metadata service crawler).
[[0;32m  OK  [0m] Reached target Network is Online.

[   32.894260] cloud-init[950]: ci-info: +-------+-------------+----------+---------------+-----------+-------+
         Starting iSCSI initiator daemon (iscsid)...
[[0;32m  OK  [0m] Reached target System Initialization.
[[0;32m  OK  [0m] Started Daily apt download activities.
[[0;32m  OK  [0m] Listening on ACPID Listen Socket.
[[0;32m  OK  [0m] Listening on UUID daemon activation socket.
[[0;32m  OK  [0m] Started Message of the Day.
[[0;32m  OK  [0m] Started Daily apt upgrade and clean activities.
[[0;32m  OK  [0m] Started Daily Cleanup of Temporary Directories.
[   32.910324] cloud-init[950]: ci-info: | Route | Destination | Gateway  |    Genmask    | Interface | Flags |
         Starting LXD - unix socket.
[[0;32m  OK  [0m] Started Ubuntu Advantage update messaging.
         Starting Socket activation for snappy daemon.
[[0;32m  OK  [0m] Reached target Timers.
[   32.981322] cloud-init[950]: ci-info: +-------+-------------+----------+---------------+-----------+-------+
[[0;32m  OK  [0m] Started ACPI Events Check.
[[0;32m  OK  [0m] Reached target Paths.
[[0;32m  OK  [0m] Listening on D-Bus System Message Bus Socket.
[[0;32m  OK  [0m] Reached target Cloud-config availability.
[[0;32m  OK  [0m] Listening on LXD - unix socket.
[[0;32m  OK  [0m] Listening on Socket activation for snappy daemon.
[[0;32m  OK  [0m] Reached target Sockets.
[[0;32m  OK  [0m] Reached target Basic System.
[   33.031282] cloud-init[950]: ci-info: |   0   |   0.0.0.0   | 10.0.2.2 |    0.0.0.0    |   enp0s3  |   UG  |
[   33.085967] cloud-init[950]: ci-info: |   1   |   10.0.2.0  | 0.0.0.0  | 255.255.255.0 |   enp0s3  |   U   |
[   33.113340] [[0;32m  OK  [0m] Started Deferred execution scheduler.
         Starting LSB: MD monitoring daemon...
         Starting System Logging Service...
         Starting Login Service...
         Starting Snap Daemon...
[[0;32m  OK  [0m] Started Regular background program processing daemon.
cloud-init         Starting Accounts Service...
[950]: ci-info: +-------+-------------+----------+---------------+-----------+-------+
[   33.219762] [[0;32m  OK  [0m] Started D-Bus System Message Bus.
cloud-init[950]: ci-info: ++++++++++++++++++++++++Route IPv6 info++++++++++++++++++++++++
[   33.321731] cloud-init[950]: ci-info: +-------+-----------------------+---------+-----------+-------+
[   33.330339] cloud-init[950]: ci-info: | Route |      Destination      | Gateway | Interface | Flags |
[   33.343372] cloud-init[950]: ci-info: +-------+-----------------------+---------+-----------+-------+
[   33.355402] cloud-init[950]: ci-info: |   0   | fd17:625c:f037:2::/64 |    ::   |   enp0s3  |   Ue  |
[   33.398916] cloud-init[950]: ci-info: |   1   |       fe80::/64       |    ::   |   enp0s3  |   U   |
[   33.454149]          Starting LSB: Record successful boot for GRUB...
         Starting Pollinate to seed the pseudo random number generator...
         Starting /etc/rc.local Compatibility...
[[0;32m  OK  [0m] Started FUSE filesystem for LXC.
[[0;32m  OK  [0m] Started ACPI event daemon.
         Starting Virtualbox guest utils...
cloud-init[950]: ci-info: |   2   |          ::/0         | fe80::2 |   enp0s3  |  UGe  |         Starting LXD - container startup/shutdown...
[[0;32m  OK  [0m] Started System Logging Service.

[[0;32m  OK  [0m] Started /etc/rc.local Compatibility.
[   33.594366] cloud-init[[0;32m  OK  [0m] Started Login Service.
[950]: ci-info: |   6   |        ff00::/8       |    ::   |   enp0s3  |   U   |
[[0;32m  OK  [0m] Started Unattended Upgrades Shutdown.
         Starting Authenticate and Authorize Users to Run Privileged Tasks...
[   33.767498] cloud-init[950]: ci-info: +-------+-----------------------+---------+-----------+-------+
[   33.809317] cloud-init[950]: Generating public/private rsa key pair.
[   33.809489] cloud-init[950]: Your identification has been saved in /etc/ssh/ssh_host_rsa_key.
[[0;32m  OK  [0m] Started iSCSI initiator daemon (iscsid).
[   33.811019] cloud-init[950]: Your public key has been saved in /etc/ssh/ssh_host_rsa_key.pub.
         Starting Login to default iSCSI targets...
[   33.894802] cloud-init[950]: The key fingerprint is:
[   34.005554] cloud-init[950]: SHA256:NQRpvzz0M6Cx42rgHLPbCtoaCPUAVheAaDW/nU+YaWw root@ubuntu-xenial
[   34.074123] cloud-init[950]: The key's randomart image is:
[[0;32m  OK  [0m] Started LSB: MD monitoring daemon.
[   34.189852] cloud-init[950]: +---[RSA 2048]----+
[[0;32m  OK  [0m] Started Login to default iSCSI targets.
[[0;32m  OK  [0m] Reached target Remote File Systems (Pre).
[[0;32m  OK  [0m] Reached target Remote File Systems.
         Starting LSB: daemon to balance interrupts for SMP systems...
         Starting Permit User Sessions...
         Starting LSB: Set the CPU Frequency Scaling governor to "ondemand"...
         Starting LSB: automatic crash report generation...
[[0;32m  OK  [0m] Started Authenticate and Authorize Users to Run Privileged Tasks.
[[0;32m  OK  [0m] Started Accounts Service.
[   34.245447] cloud-init[950]: |o.+=.o. .o.      |
[   34.399990] cloud-init[950]: |o+  +   o.       |
[   34.429333] cloud-init[950]: |. o  . . .o      |
[[0;32m  OK  [0m] Started Permit User Sessions.
[[0;32m  OK  [0m] Started LSB: Record successful boot for GRUB.
[   34.457021] cloud-init[950]: | . o  + *.+.     |
         Starting Hold until boot process finishes up...
         Starting Terminate Plymouth Boot Screen...
[[0;32m  OK  [0m] Started Hold until boot process finishes up.
[[0;32m  OK  [0m] Started Getty on tty1.
[   34.497725] cloud-init[950]: |.   .. ESB +     |
[   34.590146] cloud-init[950]: |o   + o * + +    |
[   34.590557] cloud-init[950]: |o .o = . o . o   |
[[0;32m  OK  [0m] Started Serial Getty on ttyS0.
[[0;32m  OK  [0m] Reached target Login Prompts.
[   34.590869] cloud-init[950]: | + .+.. .        |
[   34.622778] cloud-init[950]: |o.. o+o.         |
         Starting Set console scheme...
[[0;32m  OK  [0m] Started Terminate Plymouth Boot Screen.
[   34.637507] cloud-init[950]: +----[SHA256]-----+
[   34.678801] cloud-init[950]: Generating public/private dsa key pair.
[[0;32m  OK  [0m] Started Set console scheme.
[   34.702631] cloud-init[950]: Your identification has been saved in /etc/ssh/ssh_host_dsa_key.
[   34.764444] cloud-init[950]: Your public key has been saved in /etc/ssh/ssh_host_dsa_key.pub.
[   34.823092] cloud-init[950]: The key fingerprint is:
[   34.924167] cloud-init[950]: SHA256:P9kYk6Nyr3tyfpDivnmcbsqyReoYai12ilFwFYQbQVw root@ubuntu-xenial
[   34.976424] cloud-init[950]: The key's randomart image is:
[[0;32m  OK  [0m] Started LSB: Set the CPU Frequency Scaling governor to "ondemand".
[   35.032267] cloud-init[950]: +---[DSA 1024]----+
[   35.079612] cloud-init[950]: | oo=E.           |
[   35.135043] cloud-init[950]: |  +.             |
[   35.178074] cloud-init[950]: |. .o             |
[[0;32m  OK  [0m] Started LSB: daemon to balance interrupts for SMP systems.
[   35.207484] cloud-init[950]: | o.        .     |
[   35.243309] cloud-init[950]: |  .     S =.     |
[[0;32m  OK  [0m] Started LSB: automatic crash report generation.
[   35.298350] cloud-init[950]: | .     o.ooB     |
[   35.346895] cloud-init[950]: |.  .. o.+o=o.    |
[   35.377750] cloud-init[950]: | o+.o+.=ooB..    |
[[0;32m  OK  [0m] Started LXD - container startup/shutdown.
[   35.419857] cloud-init[950]: |.oo+. o+O&+.     |
[   35.452731] cloud-init[950]: +----[SHA256]-----+
[   35.478001] cloud-init[950]: Generating public/private ecdsa key pair.
[   35.494955] cloud-init[950]: Your identification has been saved in /etc/ssh/ssh_host_ecdsa_key.
[   35.525702] cloud-init[950]: Your public key has been saved in /etc/ssh/ssh_host_ecdsa_key.pub.
[   35.547469] cloud-init[950]: The key fingerprint is:
[   35.595334] cloud-init[950]: SHA256:GiV4x3lNL+CjYXQIUx44axt4s6lS8tEd8D/CTxWW/eU root@ubuntu-xenial
[   35.614546] cloud-init[950]: The key's randomart image is:
[   35.647480] cloud-init[950]: +---[ECDSA 256]---+
[   35.679964] cloud-init[950]: |      o++.o .o   |
[   35.730086] cloud-init[950]: |     .+=.= ++.. .|
[   35.767815] cloud-init[950]: |    ..o=O +.o..o.|
[   35.840498] cloud-init[950]: |    ..*=o+ ...  E|
[   35.905926] cloud-init[950]: |     +.OSo .     |
[   35.938058] cloud-init[950]: |  . o =o+ +      |
[[0;32m  OK  [0m] Started Virtualbox guest utils.
[   35.958652] cloud-init[950]: |   + o.  + .     |
[   36.002300] cloud-init[950]: |  . o     .      |
[   36.024281] cloud-init[950]: |   .             |
[   36.047088] cloud-init[950]: +----[SHA256]-----+
[   36.094954] cloud-init[950]: Generating public/private ed25519 key pair.
[   36.153431] cloud-init[950]: Your identification has been saved in /etc/ssh/ssh_host_ed25519_key.
[   36.203173] cloud-init[950]: Your public key has been saved in /etc/ssh/ssh_host_ed25519_key.pub.
[   36.249061] cloud-init[950]: The key fingerprint is:
[   36.294968] cloud-init[950]: SHA256:0UqwCjRYG+TklkLKfYl6mDimq5FpoHFI6uKxgdLczbA root@ubuntu-xenial
[   36.338123] cloud-init[950]: The key's randomart image is:
[   36.377287] cloud-init[950]: +--[ED25519 256]--+
[   36.434465] [[0;32m  OK  [0m] Started Snap Daemon.
cloud-init[950]: | =B   .          |
         Starting Wait until snapd is fully seeded...
[   36.518189] cloud-init[950]: |==.=. .o .       |
[   36.541991] cloud-init[950]: |ooBo o. o .      |
[   36.580687] cloud-init[950]: |+++... . o       |
[   36.608403] cloud-init[950]: |B=..o   S        |
[   36.630535] cloud-init[950]: |BO.. =           |
[   36.665278] cloud-init[950]: |X=o E o          |
[   36.689378] cloud-init[950]: |=o+              |
[   36.721707] cloud-init[950]: |+o               |
[   36.734293] cloud-init[950]: +----[SHA256]-----+
[[0;32m  OK  [0m] Started Pollinate to seed the pseudo random number generator.
         Starting OpenBSD Secure Shell server...
[[0;32m  OK  [0m] Started OpenBSD Secure Shell server.
[[0;32m  OK  [0m] Created slice User Slice of vagrant.
         Starting User Manager for UID 1000...
[[0;32m  OK  [0m] Started Session 1 of user vagrant.
[[0;32m  OK  [0m] Started User Manager for UID 1000.
[[0;32m  OK  [0m] Started Wait until snapd is fully seeded.
[[0;32m  OK  [0m] Reached target Multi-User System.
[[0;32m  OK  [0m] Reached target Graphical Interface.
         Starting Update UTMP about System Runlevel Changes...
         Starting Apply the settings specified in cloud-config...
[[0;32m  OK  [0m] Started Update UTMP about System Runlevel Changes.

Ubuntu 16.04.7 LTS ubuntu-xenial ttyS0

ubuntu-xenial login: [   40.988570] cloud-init[1373]: Generating locales (this might take a while)...
[   44.684273] cloud-init[1373]:   en_US.UTF-8... done
[   44.692790] cloud-init[1373]: Generation complete.
[   45.453034] cloud-init[1373]: Cloud-init v. 21.1-19-gbad84ad4-0ubuntu1~16.04.2 running 'modules:config' at Tue, 10 Feb 2026 13:46:21 +0000. Up 40.31 seconds.
ci-info: no authorized SSH keys fingerprints found for user ubuntu.
<14>Feb 10 13:46:27 ec2: 
<14>Feb 10 13:46:27 ec2: #############################################################
<14>Feb 10 13:46:27 ec2: -----BEGIN SSH HOST KEY FINGERPRINTS-----
<14>Feb 10 13:46:27 ec2: 1024 SHA256:P9kYk6Nyr3tyfpDivnmcbsqyReoYai12ilFwFYQbQVw root@ubuntu-xenial (DSA)
<14>Feb 10 13:46:27 ec2: 256 SHA256:GiV4x3lNL+CjYXQIUx44axt4s6lS8tEd8D/CTxWW/eU root@ubuntu-xenial (ECDSA)
<14>Feb 10 13:46:27 ec2: 256 SHA256:0UqwCjRYG+TklkLKfYl6mDimq5FpoHFI6uKxgdLczbA root@ubuntu-xenial (ED25519)
<14>Feb 10 13:46:27 ec2: 2048 SHA256:NQRpvzz0M6Cx42rgHLPbCtoaCPUAVheAaDW/nU+YaWw root@ubuntu-xenial (RSA)
<14>Feb 10 13:46:27 ec2: -----END SSH HOST KEY FINGERPRINTS-----
<14>Feb 10 13:46:27 ec2: #############################################################
-----BEGIN SSH HOST KEY KEYS-----
ecdsa-sha2-nistp256 AAAAE2VjZHNhLXNoYTItbmlzdHAyNTYAAAAIbmlzdHAyNTYAAABBBOv+QfGeurJ1ldM/6mwVV85m6rlAJISXTzI6FDgdPp7czsjCELYkDi9/YZEjT+l0GqwfOqbafgJHl+NAE8OKTck= root@ubuntu-xenial
ssh-ed25519 AAAAC3NzaC1lZDI1NTE5AAAAIOdh/aG3OdL1k1djTQ6iwjl4/J82533N7B5Z8nuc437q root@ubuntu-xenial
ssh-rsa AAAAB3NzaC1yc2EAAAADAQABAAABAQDYyvN9zwSrH3h3+SEnB0n9cXtfvLP7IzTZaerrnUUCarkNJHbAgHFORxG7UbVQweSXcI3fzV0be3B71z6AkLkzZJRi1vJv/m+1znj2X83mrzOwpP13b6nW4IpwpLuEgforCgXqI38Z6/NIWkSh6gw8Jc+OV4ArAUIPIrUaZMbWlONg0VoeQMduf+xBSCMPFx2Wuu6Yp3SuphOeY+JCJZqa8+DD5Yy9FFyQUClpB2qObVoTgfCIENGku1PBVSywF8bdGc3YoO7kug9qA40k+69b1Y8a57rtd6+UloashnWxccRDAMm/qLWc4CWRjZR8CwEaQ+xJSoP66q9yTUKqOnTz root@ubuntu-xenial
-----END SSH HOST KEY KEYS-----
[   46.344758] cloud-init[1590]: Cloud-init v. 21.1-19-gbad84ad4-0ubuntu1~16.04.2 running 'modules:final' at Tue, 10 Feb 2026 13:46:27 +0000. Up 45.95 seconds.
[   46.345170] cloud-init[1590]: ci-info: no authorized SSH keys fingerprints found for user ubuntu.
[   46.346091] cloud-init[1590]: Cloud-init v. 21.1-19-gbad84ad4-0ubuntu1~16.04.2 finished at Tue, 10 Feb 2026 13:46:27 +0000. Datasource DataSourceNoCloud [seed=/dev/sdb][dsmode=net].  Up 46.27 seconds
