[    0.000000] Initializing cgroup subsys cpuset
[    0.000000] Initializing cgroup subsys cpu
[    0.000000] Initializing cgroup subsys cpuacct
[    0.000000] Linux version 4.4.0-210-generic (buildd@lgw01-amd64-009) (gcc version 5.4.0 20160609 (Ubuntu 5.4.0-6ubuntu1~16.04.12) ) #242-Ubuntu SMP Fri Apr 16 09:57:56 UTC 2021 (Ubuntu 4.4.0-210.242-generic 4.4.262)
[    0.000000] Command line: BOOT_IMAGE=/boot/vmlinuz-4.4.0-210-generic root=LABEL=cloudimg-rootfs ro console=tty1 console=ttyS0
[    0.000000] KERNEL supported cpus:
[    0.000000]   Intel GenuineIntel
[    0.000000]   AMD AuthenticAMD
[    0.000000]   Centaur CentaurHauls
[    0.000000] x86/fpu: xstate_offset[2]:  576, xstate_sizes[2]:  256
[    0.000000] x86/fpu: Supporting XSAVE feature 0x01: 'x87 floating point registers'
[    0.000000] x86/fpu: Supporting XSAVE feature 0x02: 'SSE registers'
[    0.000000] x86/fpu: Supporting XSAVE feature 0x04: 'AVX registers'
[    0.000000] x86/fpu: Enabled xstate features 0x7, context size is 832 bytes, using 'standard' format.
[    0.000000] e820: BIOS-provided physical RAM map:
[    0.000000] BIOS-e820: [mem 0x0000000000000000-0x000000000009fbff] usable
[    0.000000] BIOS-e820: [mem 0x000000000009fc00-0x000000000009ffff] reserved
[    0.000000] BIOS-e820: [mem 0x00000000000f0000-0x00000000000fffff] reserved
[    0.000000] BIOS-e820: [mem 0x0000000000100000-0x000000001ffeffff] usable
[    0.000000] BIOS-e820: [mem 0x000000001fff0000-0x000000001fffffff] ACPI data
[    0.000000] BIOS-e820: [mem 0x00000000fec00000-0x00000000fec00fff] reserved
[    0.000000] BIOS-e820: [mem 0x00000000fee00000-0x00000000fee00fff] reserved
[    0.000000] BIOS-e820: [mem 0x00000000fffc0000-0x00000000ffffffff] reserved
[    0.000000] NX (Execute Disable) protection: active
[    0.000000] SMBIOS 2.5 present.
[    0.000000] Hypervisor detected: KVM
[    0.000000] e820: last_pfn = 0x1fff0 max_arch_pfn = 0x400000000
[    0.000000] x86/PAT: Configuration [0-7]: WB  WC  UC- UC  WB  WC  UC- WT  
[    0.000000] CPU MTRRs all blank - virtualized system.
[    0.000000] found SMP MP-table at [mem 0x0009fbf0-0x0009fbff] mapped at [ffff88000009fbf0]
[    0.000000] Scanning 1 areas for low memory corruption
[    0.000000] RAMDISK: [mem 0x1e8c2000-0x1f74bfff]
[    0.000000] ACPI: Early table checksum verification disabled
[    0.000000] ACPI: RSDP 0x00000000000E0000 000024 (v02 VBOX  )
[    0.000000] ACPI: XSDT 0x000000001FFF0030 00003C (v01 VBOX   VBOXXSDT 00000001 ASL  00000061)
[    0.000000] ACPI: FACP 0x000000001FFF00F0 0000F4 (v04 VBOX   VBOXFACP 00000001 ASL  00000061)
[    0.000000] ACPI: DSDT 0x000000001FFF02F0 002353 (v02 VBOX   VBOXBIOS 00000002 VBOX 0002A122)
[    0.000000] ACPI: FACS 0x000000001FFF0200 000040
[    0.000000] ACPI: FACS 0x000000001FFF0200 000040
[    0.000000] ACPI: APIC 0x000000001FFF0240 00005C (v02 VBOX   VBOXAPIC 00000001 ASL  00000061)
[    0.000000] ACPI: SSDT 0x000000001FFF02A0 000045 (v01 VBOX   VBOXCPUT 00000002 VBOX 0002A122)
[    0.000000] No NUMA configuration found
[    0.000000] Faking a node at [mem 0x0000000000000000-0x000000001ffeffff]
[    0.000000] NODE_DATA(0) allocated [mem 0x1ffeb000-0x1ffeffff]
[    0.000000] kvm-clock: Using msrs 4b564d01 and 4b564d00
[    0.000000] kvm-clock: cpu 0, msr 0:1ffe3001, primary cpu clock
[    0.000000] kvm-clock: using sched offset of 3829329155 cycles
[    0.000000] clocksource: kvm-clock: mask: 0xffffffffffffffff max_cycles: 0x1cd42e4dffb, max_idle_ns: 881590591483 ns
[    0.000000] Zone ranges:
[    0.000000]   DMA      [mem 0x0000000000001000-0x0000000000ffffff]
[    0.000000]   DMA32    [mem 0x0000000001000000-0x000000001ffeffff]
[    0.000000]   Normal   empty
[    0.000000]   Device   empty
[    0.000000] Movable zone start for each node
[    0.000000] Early memory node ranges
[    0.000000]   node   0: [mem 0x0000000000001000-0x000000000009efff]
[    0.000000]   node   0: [mem 0x0000000000100000-0x000000001ffeffff]
[    0.000000] Initmem setup node 0 [mem 0x0000000000001000-0x000000001ffeffff]
[    0.000000] ACPI: PM-Timer IO Port: 0x4008
[    0.000000] IOAPIC[0]: apic_id 2, version 32, address 0xfec00000, GSI 0-23
[    0.000000] ACPI: INT_SRC_OVR (bus 0 bus_irq 0 global_irq 2 dfl dfl)
[    0.000000] ACPI: INT_SRC_OVR (bus 0 bus_irq 9 global_irq 9 low level)
[    0.000000] Using ACPI (MADT) for SMP configuration information
[    0.000000] smpboot: Allowing 2 CPUs, 0 hotplug CPUs
[    0.000000] PM: Registered nosave memory: [mem 0x00000000-0x00000fff]
[    0.000000] PM: Registered nosave memory: [mem 0x0009f000-0x0009ffff]
[    0.000000] PM: Registered nosave memory: [mem 0x000a0000-0x000effff]
[    0.000000] PM: Registered nosave memory: [mem 0x000f0000-0x000fffff]
[    0.000000] e820: [mem 0x20000000-0xfebfffff] available for PCI devices
[    0.000000] Booting paravirtualized kernel on KVM
[    0.000000] clocksource: refined-jiffies: mask: 0xffffffff max_cycles: 0xffffffff, max_idle_ns: 7645519600211568 ns
[    0.000000] setup_percpu: NR_CPUS:512 nr_cpumask_bits:512 nr_cpu_ids:2 nr_node_ids:1
[    0.000000] PERCPU: Embedded 33 pages/cpu @ffff88001fc00000 s95192 r8192 d31784 u1048576
[    0.000000] Built 1 zonelists in Node order, mobility grouping on.  Total pages: 128888
[    0.000000] Policy zone: DMA32
[    0.000000] Kernel command line: BOOT_IMAGE=/boot/vmlinuz-4.4.0-210-generic root=LABEL=cloudimg-rootfs ro console=tty1 console=ttyS0
[    0.000000] PID hash table entries: 2048 (order: 2, 16384 bytes)
[    0.000000] Memory: 481712K/523832K available (8644K kernel code, 1332K rwdata, 4044K rodata, 1492K init, 1164K bss, 42120K reserved, 0K cma-reserved)
[    0.000000] SLUB: HWalign=64, Order=0-3, MinObjects=0, CPUs=2, Nodes=1
[    0.000000] Kernel/User page tables isolation: enabled
[    0.000000] Hierarchical RCU implementation.
[    0.000000] 	Build-time adjustment of leaf fanout to 64.
[    0.000000] 	RCU restricting CPUs from NR_CPUS=512 to nr_cpu_ids=2.
[    0.000000] RCU: Adjusting geometry for rcu_fanout_leaf=64, nr_cpu_ids=2
[    0.000000] NR_IRQS:33024 nr_irqs:440 16
[    0.000000] Console: colour VGA+ 80x25
[    0.000000] console [tty1] enabled
[    0.000000] console [ttyS0] enabled
[    0.000000] tsc: Detected 2592.006 MHz processor
[    0.624272] Calibrating delay loop (skipped) preset value.. 5184.01 BogoMIPS (lpj=10368024)
[    0.635643] pid_max: default: 32768 minimum: 301
[    0.643682] ACPI: Core revision 20150930
[    0.650653] ACPI: 2 ACPI AML tables successfully acquired and loaded
[    0.660161] Security Framework initialized
[    0.664547] Yama: becoming mindful.
[    0.669614] AppArmor: AppArmor initialized
[    0.676462] Dentry cache hash table entries: 65536 (order: 7, 524288 bytes)
[    0.685894] Inode-cache hash table entries: 32768 (order: 6, 262144 bytes)
[    0.695664] Mount-cache hash table entries: 1024 (order: 1, 8192 bytes)
[    0.704215] Mountpoint-cache hash table entries: 1024 (order: 1, 8192 bytes)
[    0.716840] Initializing cgroup subsys io
[    0.720794] Initializing cgroup subsys memory
[    0.725022] Initializing cgroup subsys devices
[    0.729739] Initializing cgroup subsys freezer
[    0.734749] Initializing cgroup subsys net_cls
[    0.742231] Initializing cgroup subsys perf_event
[    0.749032] Initializing cgroup subsys net_prio
[    0.754760] Initializing cgroup subsys hugetlb
[    0.759218] Initializing cgroup subsys pids
[    0.778746] mce: CPU supports 0 MCE banks
[    0.784963] Last level iTLB entries: 4KB 64, 2MB 8, 4MB 8
[    0.790487] Last level dTLB entries: 4KB 64, 2MB 0, 4MB 0, 1GB 4
[    0.797239] Spectre V1 : Mitigation: usercopy/swapgs barriers and __user pointer sanitization
[    0.808049] Spectre V2 : Mitigation: Full generic retpoline
[    0.814126] Spectre V2 : Spectre v2 / SpectreRSB mitigation: Filling RSB on context switch
[    0.826779] Speculative Store Bypass: Vulnerable
[    0.834664] SRBDS: Unknown: Dependent on hypervisor status
[    0.844755] MDS: Mitigation: Clear CPU buffers
[    0.924854] Freeing SMP alternatives memory: 36K
[    1.083721] ftrace: allocating 32380 entries in 127 pages
[    2.071801] smpboot: APIC(0) Converting physical 0 to logical package 0
[    2.082561] smpboot: Max logical packages: 1
[    2.108975] ..TIMER: vector=0x30 apic1=0 pin1=2 apic2=-1 pin2=-1
[    2.226532] smpboot: CPU0: Intel(R) Core(TM) i7-9750H CPU @ 2.60GHz (family: 0x6, model: 0x9e, stepping: 0xa)
[    2.242374] Performance Events: unsupported p6 CPU model 158 no PMU driver, software events only.
[    2.420876] KVM setup paravirtual spinlock
[    2.427575] x86: Booting SMP configuration:
[    2.432392] .... node  #0, CPUs:      #1
[    2.438226] kvm-clock: cpu 1, msr 0:1ffe3041, secondary cpu clock
[    2.459815] mce: CPU supports 0 MCE banks
[    2.466634] x86: Booted up 1 node, 2 CPUs
[    2.471332] smpboot: Total of 2 processors activated (10368.02 BogoMIPS)
[    2.485291] devtmpfs: initialized
[    2.491929] evm: security.selinux
[    2.496546] evm: security.SMACK64
[    2.500733] evm: security.SMACK64EXEC
[    2.504661] evm: security.SMACK64TRANSMUTE
[    2.508796] evm: security.SMACK64MMAP
[    2.513185] evm: security.ima
[    2.516291] evm: security.capability
[    2.521261] clocksource: jiffies: mask: 0xffffffff max_cycles: 0xffffffff, max_idle_ns: 7645041785100000 ns
[    2.531132] futex hash table entries: 512 (order: 3, 32768 bytes)
[    2.538699] pinctrl core: initialized pinctrl subsystem
[    2.544632] RTC time: 11:56:39, date: 02/11/26
[    2.550431] NET: Registered protocol family 16
[    2.564092] cpuidle: using governor ladder
[    2.578418] cpuidle: using governor menu
[    2.582917] PCCT header not found.
[    2.586366] ACPI: bus type PCI registered
[    2.590154] acpiphp: ACPI Hot Plug PCI Controller Driver version: 0.5
[    2.597416] PCI: Using configuration type 1 for base access
[    2.621971] ACPI: Added _OSI(Module Device)
[    2.628077] ACPI: Added _OSI(Processor Device)
[    2.634063] ACPI: Added _OSI(3.0 _SCP Extensions)
[    2.640430] ACPI: Added _OSI(Processor Aggregator Device)
[    2.648297] ACPI: Executed 1 blocks of module-level executable AML code
[    2.659621] ACPI: Interpreter enabled
[    2.663724] ACPI: (supports S0 S5)
[    2.666925] ACPI: Using IOAPIC for interrupt routing
[    2.672559] PCI: Using host bridge windows from ACPI; if necessary, use "pci=nocrs" and report a bug
[    2.689623] ACPI: PCI Root Bridge [PCI0] (domain 0000 [bus 00-ff])
[    2.697120] acpi PNP0A03:00: _OSC: OS supports [ASPM ClockPM Segments MSI]
[    2.705831] acpi PNP0A03:00: _OSC: not requesting OS control; OS requires [ExtendedConfig ASPM ClockPM MSI]
[    2.715220] acpi PNP0A03:00: fail to add MMCONFIG information, can't access extended PCI configuration space under this bridge.
[    2.726987] PCI host bridge to bus 0000:00
[    2.731393] pci_bus 0000:00: root bus resource [io  0x0000-0x0cf7 window]
[    2.737610] pci_bus 0000:00: root bus resource [io  0x0d00-0xffff window]
[    2.744380] pci_bus 0000:00: root bus resource [mem 0x000a0000-0x000bffff window]
[    2.752089] pci_bus 0000:00: root bus resource [mem 0x20000000-0xfdffffff window]
[    2.760507] pci_bus 0000:00: root bus resource [bus 00-ff]
[    2.773074] pci 0000:00:01.1: legacy IDE quirk: reg 0x10: [io  0x01f0-0x01f7]
[    2.781141] pci 0000:00:01.1: legacy IDE quirk: reg 0x14: [io  0x03f6]
[    2.789510] pci 0000:00:01.1: legacy IDE quirk: reg 0x18: [io  0x0170-0x0177]
[    2.798317] pci 0000:00:01.1: legacy IDE quirk: reg 0x1c: [io  0x0376]
[    2.831285] pci 0000:00:07.0: quirk: [io  0x4000-0x403f] claimed by PIIX4 ACPI
[    2.840934] pci 0000:00:07.0: quirk: [io  0x4100-0x410f] claimed by PIIX4 SMB
[    2.874893] ACPI: PCI Interrupt Link [LNKA] (IRQs 5 9 10 *11)
[    2.885867] ACPI: PCI Interrupt Link [LNKB] (IRQs 5 9 *10 11)
[    2.893958] ACPI: PCI Interrupt Link [LNKC] (IRQs 5 *9 10 11)
[    2.903907] ACPI: PCI Interrupt Link [LNKD] (IRQs 5 9 10 *11)
[    2.912276] ACPI: Enabled 2 GPEs in block 00 to 07
[    2.918431] vgaarb: setting as boot device: PCI:0000:00:02.0
[    2.923568] vgaarb: device added: PCI:0000:00:02.0,decodes=io+mem,owns=io+mem,locks=none
[    2.932014] vgaarb: loaded
[    2.936271] vgaarb: bridge control possible 0000:00:02.0
[    2.942090] SCSI subsystem initialized
[    2.946772] ACPI: bus type USB registered
[    2.950915] usbcore: registered new interface driver usbfs
[    2.956170] usbcore: registered new interface driver hub
[    2.961580] usbcore: registered new device driver usb
[    2.970179] PCI: Using ACPI for IRQ routing
[    2.975691] NetLabel: Initializing
[    2.979798] NetLabel:  domain hash size = 128
[    2.983978] NetLabel:  protocols = UNLABELED CIPSOv4
[    2.988920] NetLabel:  unlabeled traffic allowed by default
[    2.996335] amd_nb: Cannot enumerate AMD northbridges
[    3.004045] clocksource: Switched to clocksource kvm-clock
[    3.040761] AppArmor: AppArmor Filesystem Enabled
[    3.045678] pnp: PnP ACPI init
[    3.050133] pnp: PnP ACPI: found 3 devices
[    3.103479] clocksource: acpi_pm: mask: 0xffffff max_cycles: 0xffffff, max_idle_ns: 2085701024 ns
[    3.113117] NET: Registered protocol family 2
[    3.119836] TCP established hash table entries: 4096 (order: 3, 32768 bytes)
[    3.127891] TCP bind hash table entries: 4096 (order: 4, 65536 bytes)
[    3.134570] TCP: Hash tables configured (established 4096 bind 4096)
[    3.141240] UDP hash table entries: 256 (order: 1, 8192 bytes)
[    3.147436] UDP-Lite hash table entries: 256 (order: 1, 8192 bytes)
[    3.153147] NET: Registered protocol family 1
[    3.157184] pci 0000:00:00.0: Limiting direct PCI/PCI transfers
[    3.163550] pci 0000:00:01.0: Activating ISA DMA hang workarounds
[    3.170333] Unpacking initramfs...
[    3.597199] Freeing initrd memory: 14888K
[    3.605947] clocksource: tsc: mask: 0xffffffffffffffff max_cycles: 0x255cbc978bf, max_idle_ns: 440795251759 ns
[    3.622053] platform rtc_cmos: registered platform RTC device (no PNP device found)
[    3.631167] Scanning for low memory corruption every 60 seconds
[    3.639685] audit: initializing netlink subsys (disabled)
[    3.645589] audit: type=2000 audit(1770811004.208:1): initialized
[    3.652564] Initialise system trusted keyring
[    3.658725] HugeTLB registered 2 MB page size, pre-allocated 0 pages
[    3.668224] zbud: loaded
[    3.673644] VFS: Disk quotas dquot_6.6.0
[    3.679031] VFS: Dquot-cache hash table entries: 512 (order 0, 4096 bytes)
[    3.686660] squashfs: version 4.0 (2009/01/31) Phillip Lougher
[    3.695184] fuse init (API version 7.23)
[    3.701213] Key type big_key registered
[    3.705706] Allocating IMA MOK and blacklist keyrings.
[    3.722957] Key type asymmetric registered
[    3.728663] Asymmetric key parser 'x509' registered
[    3.734122] Block layer SCSI generic (bsg) driver version 0.4 loaded (major 249)
[    3.743110] io scheduler noop registered
[    3.748610] io scheduler deadline registered (default)
[    3.754539] io scheduler cfq registered
[    3.759647] pci_hotplug: PCI Hot Plug PCI Core version: 0.5
[    3.765815] pciehp: PCI Express Hot Plug Controller Driver version: 0.4
[    3.773258] ACPI: AC Adapter [AC] (on-line)
[    3.778359] input: Power Button as /devices/LNXSYSTM:00/LNXPWRBN:00/input/input0
[    3.786341] ACPI: Power Button [PWRF]
[    3.790991] input: Sleep Button as /devices/LNXSYSTM:00/LNXSLPBN:00/input/input1
[    3.798469] ACPI: Sleep Button [SLPF]
[    3.805689] ACPI: Battery Slot [BAT0] (battery present)
[    3.812527] GHES: HEST is not enabled!
[    3.817779] Serial: 8250/16550 driver, 32 ports, IRQ sharing enabled
[    3.856332] 00:02: ttyS0 at I/O 0x3f8 (irq = 4, base_baud = 115200) is a 16550A
[    3.870586] Linux agpgart interface v0.103
[    3.895240] loop: module loaded
[    3.903953] scsi host0: ata_piix
[    3.911268] scsi host1: ata_piix
[    3.916744] ata1: PATA max UDMA/33 cmd 0x1f0 ctl 0x3f6 bmdma 0xd000 irq 14
[    3.924948] ata2: PATA max UDMA/33 cmd 0x170 ctl 0x376 bmdma 0xd008 irq 15
[    3.937863] libphy: Fixed MDIO Bus: probed
[    3.947157] tun: Universal TUN/TAP device driver, 1.6
[    3.955135] tun: (C) 1999-2004 Max Krasnyansky <maxk@qualcomm.com>
[    3.963773] PPP generic driver version 2.4.2
[    3.969066] ehci_hcd: USB 2.0 'Enhanced' Host Controller (EHCI) Driver
[    3.975820] ehci-pci: EHCI PCI platform driver
[    3.981082] ehci-platform: EHCI generic platform driver
[    3.986361] ohci_hcd: USB 1.1 'Open' Host Controller (OHCI) Driver
[    3.993220] ohci-pci: OHCI PCI platform driver
[    3.998645] ohci-platform: OHCI generic platform driver
[    4.004390] uhci_hcd: USB Universal Host Controller Interface driver
[    4.011298] i8042: PNP: PS/2 Controller [PNP0303:PS2K,PNP0f03:PS2M] at 0x60,0x64 irq 1,12
[    4.023943] serio: i8042 KBD port at 0x60,0x64 irq 1
[    4.029644] serio: i8042 AUX port at 0x60,0x64 irq 12
[    4.035911] mousedev: PS/2 mouse device common for all mice
[    4.043313] input: AT Translated Set 2 keyboard as /devices/platform/i8042/serio0/input/input2
[    4.055165] rtc_cmos rtc_cmos: rtc core: registered rtc_cmos as rtc0
[    4.064601] rtc_cmos rtc_cmos: alarms up to one day, 114 bytes nvram
[    4.072317] i2c /dev entries driver
[    4.076977] device-mapper: uevent: version 1.0.3
[    4.082055] device-mapper: ioctl: 4.34.0-ioctl (2015-10-28) initialised: dm-devel@redhat.com
[    4.091406] ledtrig-cpu: registered to indicate activity on CPUs
[    4.160184] NET: Registered protocol family 10
[    4.167883] NET: Registered protocol family 17
[    4.175113] Key type dns_resolver registered
[    4.181075] registered taskstats version 1
[    4.186744] Loading compiled-in X.509 certificates
[    4.192887] Loaded X.509 cert 'Build time autogenerated kernel key: cf00e047681d67edb2720680708b7d9498083038'
[    4.203530] zswap: loaded using pool lzo/zbud
[    4.216393] Key type trusted registered
[    4.233209] Key type encrypted registered
[    4.238300] AppArmor: AppArmor sha1 policy hashing enabled
[    4.244664] ima: No TPM chip found, activating TPM-bypass!
[    4.250656] ima: Allocated hash algorithm: sha1
[    4.255998] evm: HMAC attrs: 0x1
[    4.261922]   Magic number: 14:856:933
[    4.267157] rtc_cmos rtc_cmos: setting system clock to 2026-02-11 11:56:41 UTC (1770811001)
[    4.277201] BIOS EDD facility v0.16 2004-Jun-25, 0 devices found
[    4.284503] EDD information not available.
[    4.292356] Freeing unused kernel memory: 1492K
[    4.308864] Write protecting the kernel read-only data: 14336k
[    4.317564] Freeing unused kernel memory: 1584K
[    4.323608] Freeing unused kernel memory: 52K
Loading, please wait...
starting version 229
[    4.362138] random: systemd-udevd: uninitialized urandom read (16 bytes read, 11 bits of entropy available)
[    4.363307] random: udevadm: uninitialized urandom read (16 bytes read, 11 bits of entropy available)
[    4.363340] random: udevadm: uninitialized urandom read (16 bytes read, 11 bits of entropy available)
[    4.384060] random: udevadm: uninitialized urandom read (16 bytes read, 11 bits of entropy available)
[    4.384123] random: udevadm: uninitialized urandom read (16 bytes read, 11 bits of entropy available)
[    4.384634] random: udevadm: uninitialized urandom read (16 bytes read, 11 bits of entropy available)
[    4.384811] random: udevadm: uninitialized urandom read (16 bytes read, 11 bits of entropy available)
[    4.384887] random: udevadm: uninitialized urandom read (16 bytes read, 11 bits of entropy available)
[    4.385092] random: udevadm: uninitialized urandom read (16 bytes read, 11 bits of entropy available)
[    4.385233] random: udevadm: uninitialized urandom read (16 bytes read, 11 bits of entropy available)
[    4.553526] Fusion MPT base driver 3.04.20
[    4.560607] Copyright (c) 1999-2008 LSI Corporation
[    4.609650] e1000: Intel(R) PRO/1000 Network Driver - version 7.3.21-k8-NAPI
[    4.618338] e1000: Copyright (c) 1999-2006 Intel Corporation.
[    4.650225] Fusion MPT SPI Host driver 3.04.20
[    4.671771] mptbase: ioc0: Initiating bringup
[    4.683411] AVX2 version of gcm_enc/dec engaged.
[    4.689806] AES CTR mode by8 optimization enabled
[    4.762661] ioc0: LSI53C1030 A0: Capabilities={Initiator}
[    4.909805] input: ImExPS/2 Generic Explorer Mouse as /devices/platform/i8042/serio1/input/input4
[    4.966243] scsi host2: ioc0: LSI53C1030 A0, FwRev=00000000h, Ports=1, MaxQ=256, IRQ=20
[    5.092949] scsi 2:0:0:0: Direct-Access     VBOX     HARDDISK         1.0  PQ: 0 ANSI: 5
[    5.101821] scsi target2:0:0: Beginning Domain Validation
[    5.119434] scsi target2:0:0: Domain Validation skipping write tests
[    5.127781] scsi target2:0:0: Ending Domain Validation
[    5.135089] scsi target2:0:0: asynchronous
[    5.144928] scsi 2:0:1:0: Direct-Access     VBOX     HARDDISK         1.0  PQ: 0 ANSI: 5
[    5.155340] scsi target2:0:1: Beginning Domain Validation
[    5.172127] scsi target2:0:1: Domain Validation skipping write tests
[    5.179903] scsi target2:0:1: Ending Domain Validation
[    5.185914] scsi target2:0:1: asynchronous
[    5.218078] sd 2:0:0:0: Attached scsi generic sg0 type 0
[    5.223933] sd 2:0:0:0: [sda] 83886080 512-byte logical blocks: (42.9 GB/40.0 GiB)
[    5.234323] sd 2:0:1:0: Attached scsi generic sg1 type 0
[    5.241206] sd 2:0:1:0: [sdb] 20480 512-byte logical blocks: (10.5 MB/10.0 MiB)
[    5.254447] sd 2:0:0:0: [sda] Write Protect is off
[    5.261437] sd 2:0:1:0: [sdb] Write Protect is off
[    5.267845] sd 2:0:0:0: [sda] Write cache: enabled, read cache: enabled, supports DPO and FUA
[    5.278822] sd 2:0:1:0: [sdb] Write cache: enabled, read cache: enabled, supports DPO and FUA
[    5.294034]  sda: sda1
[    5.301841] sd 2:0:0:0: [sda] Attached SCSI disk
[    5.314127] sd 2:0:1:0: [sdb] Attached SCSI disk
[    5.953293] e1000 0000:00:03.0 eth0: (PCI:33MHz:32-bit) 02:be:82:6b:cc:1d
[    5.960677] e1000 0000:00:03.0 eth0: Intel(R) PRO/1000 Network Connection
[    5.974216] e1000 0000:00:03.0 enp0s3: renamed from eth0
Begin: Loading essential drivers ... [    7.460958] md: linear personality registered for level -1
[    7.473512] md: multipath personality registered for level -4
[    7.484459] md: raid0 personality registered for level 0
[    7.511307] md: raid1 personality registered for level 1
[  545.053302] INFO: rcu_sched detected stalls on CPUs/tasks:
[  545.053378] INFO: rcu_sched self-detected stall on CPU
[  545.053475] 	1-...: (1 ticks this GP) idle=93f/140000000000001/0 softirq=703/706 fqs=1 
[  545.053502] 	 (t=134382 jiffies g=-104 c=-105 q=76)
[  545.053529] rcu_sched kthread starved for 134379 jiffies! g18446744073709551512 c18446744073709551511 f0x0 s3 ->state=0x1
[  545.053531] Task dump for CPU 1:
[  545.053585] modprobe        R  running task        0   249    235 0x00000008
[  545.053687]  ffff88001f0faac0 04ae2a0dc56ec2de ffff88001fd03da0 ffffffff810b4d89
[  545.053690]  0000000000000001 ffffffff81e577c0 ffff88001fd03db8 ffffffff810b75b7
[  545.053692]  0000000000000002 ffff88001fd03de8 ffffffff810ec56e ffff88001fd16f80
[  545.053693] Call Trace:
[  545.053999]  <IRQ>  [<ffffffff810b4d89>] sched_show_task+0xa9/0x110
[  545.054002]  [<ffffffff810b75b7>] dump_cpu_task+0x37/0x40
[  545.054007]  [<ffffffff810ec56e>] rcu_dump_cpu_stacks+0x8e/0xe0
[  545.054009]  [<ffffffff810f0560>] rcu_check_callbacks+0x500/0x7f0
[  545.054075]  [<ffffffff81149f6c>] ? acct_account_cputime+0x1c/0x20
[  545.054077]  [<ffffffff810b8059>] ? account_system_time+0x79/0x120
[  545.054106]  [<ffffffff81106b70>] ? tick_sched_handle.isra.14+0x60/0x60
[  545.054109]  [<ffffffff810f6a29>] update_process_times+0x39/0x60
[  545.054110]  [<ffffffff81106b35>] tick_sched_handle.isra.14+0x25/0x60
[  545.054138]  [<ffffffff81106bad>] tick_sched_timer+0x3d/0x70
[  545.054141]  [<ffffffff810f7334>] __hrtimer_run_queues+0xf4/0x260
[  545.054143]  [<ffffffff810f7a88>] hrtimer_interrupt+0xa8/0x1a0
[  545.054196]  [<ffffffff81055b3e>] local_apic_timer_interrupt+0x3e/0x60
[  545.054304]  [<ffffffff8186f44b>] smp_apic_timer_interrupt+0x4b/0x70
[  545.054306]  [<ffffffff8186cb94>] apic_timer_interrupt+0xd4/0xe0
[  545.054416]  <EOI>  [<ffffffffc0102308>] ? raid6_sse21_gen_syndrome+0xb8/0x120 [raid6_pq]
[  545.054419]  [<ffffffffc010228d>] ? raid6_sse21_gen_syndrome+0x3d/0x120 [raid6_pq]
[  545.054422]  [<ffffffffc011a11f>] init_module+0x11f/0x1000 [raid6_pq]
[  545.054424]  [<ffffffffc011a000>] ? 0xffffffffc011a000
[  545.054497]  [<ffffffff81002135>] do_one_initcall+0xb5/0x200
[  545.054550]  [<ffffffff811fa195>] ? kmem_cache_alloc_trace+0x185/0x1f0
[  545.054579]  [<ffffffff8185a350>] do_init_module+0x5f/0x1da
[  545.054582]  [<ffffffff8111254c>] load_module+0x171c/0x1c80
[  545.054584]  [<ffffffff8110e9d0>] ? __symbol_put+0x60/0x60
[  545.054612]  [<ffffffff81222b50>] ? kernel_read+0x50/0x80
[  545.054616]  [<ffffffff81112cf4>] SYSC_finit_module+0xb4/0xe0
[  545.054619]  [<ffffffff81112d3e>] SyS_finit_module+0xe/0x10
[  545.054621]  [<ffffffff8186bb5b>] entry_SYSCALL_64_fastpath+0x22/0xd0
[  545.057332] raid6: sse2x1   gen() 89836259 MB/s
[  545.321610] 
[  545.323670] 	1-...: (1 ticks this GP) idle=93f/140000000000000/0 softirq=703/707 fqs=1 
[  545.331439] 	(detected by 0, t=134382 jiffies, g=-104, c=-105, q=69)
[  545.338179] Task dump for CPU 1:
[  545.341536] modprobe        R  running task        0   249    235 0x00000008
[  545.349081]  ffffffff81e13080 ffff88001abd1140 0000000000000000 ffffffffc011a000
[  545.358286]  ffff88001aa96000 ffff88001f0e3d08 ffffffff81002135 ffffea00007c8dc0
[  545.367841]  ffff88001f0e3ce0 0000000000000286 0000000000000001 000000000000001a
[  545.376775] Call Trace:
[  545.379445]  [<ffffffffc011a000>] ? 0xffffffffc011a000
[  545.384723]  [<ffffffff81002135>] ? do_one_initcall+0xb5/0x200
[  545.391232]  [<ffffffff811fa195>] ? kmem_cache_alloc_trace+0x185/0x1f0
[  545.398624]  [<ffffffff8185a350>] ? do_init_module+0x5f/0x1da
[  545.405410]  [<ffffffff8111254c>] ? load_module+0x171c/0x1c80
[  545.412464]  [<ffffffff8110e9d0>] ? __symbol_put+0x60/0x60
[  545.419710]  [<ffffffff81222b50>] ? kernel_read+0x50/0x80
[  545.427789]  [<ffffffff81112cf4>] ? SYSC_finit_module+0xb4/0xe0
[  545.437297]  [<ffffffff81112d3e>] ? SyS_finit_module+0xe/0x10
[  545.445969]  [<ffffffff8186bb5b>] ? entry_SYSCALL_64_fastpath+0x22/0xd0
[  545.455278] rcu_sched kthread starved for 134379 jiffies! g18446744073709551512 c18446744073709551511 f0x0 s3 ->state=0x1
[  546.044563] raid6: sse2x1   xor() 73531 MB/s
[  546.124938] raid6: sse2x2   gen() 14984 MB/s
[  546.197915] raid6: sse2x2   xor() 10442 MB/s
[  546.281744] raid6: sse2x4   gen() 18676 MB/s
[  546.364774] raid6: sse2x4   xor() 10940 MB/s
[  547.106875] raid6: avx2x1   gen() 19241 MB/s
[  547.189690] raid6: avx2x2   gen() 26256 MB/s
[  547.273178] raid6: avx2x4   gen() 32328 MB/s
[  547.278992] raid6: using algorithm sse2x1 gen() 89836259 MB/s
[  547.285808] raid6: .... xor() 73531 MB/s, rmw enabled
[  547.291885] raid6: using avx2x2 recovery algorithm
[  547.305526] xor: automatically using best checksumming function:
[  547.352629]    avx       : 26324.000 MB/sec
[  547.360786] async_tx: api initialized (async)
[  547.427367] md: raid6 personality registered for level 6
[  547.434429] md: raid5 personality registered for level 5
[  547.441885] md: raid4 personality registered for level 4
[  547.477909] md: raid10 personality registered for level 10
done.
Begin: Running /scripts/init-premount ... done.
Begin: Mounting root file system ... Begin: Running /scripts/local-top ... done.
Begin: Running /scripts/local-premount ... [  547.622707] Btrfs loaded
Scanning for Btrfs filesystems
done.
Warning: fsck not present, so skipping root file system
[  547.714756] EXT4-fs (sda1): mounted filesystem with ordered data mode. Opts: (null)
done.
Begin: Running /scripts/local-bottom ... done.
Begin: Running /scripts/init-bottom ... done.
[  547.946291] systemd[1]: systemd 229 running in system mode. (+PAM +AUDIT +SELINUX +IMA +APPARMOR +SMACK +SYSVINIT +UTMP +LIBCRYPTSETUP +GCRYPT +GNUTLS +ACL +XZ -LZ4 +SECCOMP +BLKID +ELFUTILS +KMOD -IDN)
[  547.964486] systemd[1]: Detected virtualization oracle.
[  547.970110] systemd[1]: Detected architecture x86-64.

Welcome to [1mUbuntu 16.04.7 LTS[0m!

[  547.984019] systemd[1]: Set hostname to <ubuntu>.
[  547.995445] systemd[1]: Initializing machine ID from random generator.
[  548.002222] systemd[1]: Installed transient /etc/machine-id file.
[  548.307206] systemd[1]: Reached target Swap.
[[0;32m  OK  [0m] Reached target Swap.
[  548.317400] systemd[1]: Listening on Journal Socket (/dev/log).
[[0;32m  OK  [0m] Listening on Journal Socket (/dev/log).
[  548.329165] systemd[1]: Reached target User and Group Name Lookups.
[[0;32m  OK  [0m] Reached target User and Group Name Lookups.
[  548.341466] systemd[1]: Listening on Journal Socket.
[[0;32m  OK  [0m] Listening on Journal Socket.
[  548.351468] systemd[1]: Reached target Encrypted Volumes.
[[0;32m  OK  [0m] Reached target Encrypted Volumes.
[  548.362957] systemd[1]: Listening on fsck to fsckd communication Socket.
[[0;32m  OK  [0m] Listening on fsck to fsckd communication Socket.
[  548.375905] systemd[1]: Started Trigger resolvconf update for networkd DNS.
[[0;32m  OK  [0m] Started Trigger resolvconf update for networkd DNS.
[  548.390473] systemd[1]: Listening on udev Control Socket.
[[0;32m  OK  [0m] Listening on udev Control Socket.
[  548.400871] systemd[1]: Listening on LVM2 metadata daemon socket.
[[0;32m  OK  [0m] Listening on LVM2 metadata daemon socket.
[  548.412938] systemd[1]: Started Forward Password Requests to Wall Directory Watch.
[[0;32m  OK  [0m] Started Forward Password Requests to Wall Directory Watch.
[  548.427400] systemd[1]: Created slice User and Session Slice.
[[0;32m  OK  [0m] Created slice User and Session Slice.
[  548.438529] systemd[1]: Listening on Device-mapper event daemon FIFOs.
[[0;32m  OK  [0m] Listening on Device-mapper event daemon FIFOs.
[  548.452368] systemd[1]: Set up automount Arbitrary Executable File Formats File System Automount Point.
[[0;32m  OK  [0m] Set up automount Arbitrary Executab...ats File System Automount Point.
[  548.468311] systemd[1]: Reached target System Time Synchronized.
[[0;32m  OK  [0m] Reached target System Time Synchronized.
[  548.479705] systemd[1]: Listening on Journal Audit Socket.
[[0;32m  OK  [0m] Listening on Journal Audit Socket.
[  548.491373] systemd[1]: Created slice System Slice.
[[0;32m  OK  [0m] Created slice System Slice.
[  548.530144] systemd[1]: Starting Monitoring of LVM2 mirrors, snapshots etc. using dmeventd or progress polling...
         Starting Monitoring of LVM2 mirrors... dmeventd or progress polling...
[  548.550977] systemd[1]: Starting Create list of required static device nodes for the current kernel...
         Starting Create list of required st... nodes for the current kernel...
[  548.571761] systemd[1]: Starting File System Check on Root Device...
         Starting File System Check on Root Device...
[  548.590910] systemd[1]: Mounting Debug File System...
         Mounting Debug File System...
[  548.608792] systemd[1]: Mounting Huge Pages File System...
         Mounting Huge Pages File System...
[  548.627114] systemd[1]: Starting Uncomplicated firewall...
[  548.634158] random: nonblocking pool is initialized
         Starting Uncomplicated firewall...
[  548.648826] systemd[1]: Reached target Slices.
[[0;32m  OK  [0m] Reached target Slices.
[  548.672899] systemd[1]: Starting Nameserver information manager...
         Starting Nameserver information manager...
[  548.686661] systemd[1]: Listening on Syslog Socket.
[[0;32m  OK  [0m] Listening on Syslog Socket.
[  548.701059] systemd[1]: Starting Journal Service...
         Starting Journal Service...
[  548.715678] systemd[1]: Listening on udev Kernel Socket.
[[0;32m  OK  [0m] Listening on udev Kernel Socket.
[  548.732034] systemd[1]: Created slice system-serial\x2dgetty.slice.
[[0;32m  OK  [0m] Created slice system-serial\x2dgetty.slice.
[  548.749875] systemd[1]: Listening on LVM2 poll daemon socket.
[[0;32m  OK  [0m] Listening on LVM2 poll daemon socket.
[  548.776697] systemd[1]: Starting Set console keymap...
         Starting Set console keymap...
[  548.791129] systemd[1]: Listening on /dev/initctl Compatibility Named Pipe.
[[0;32m  OK  [0m] Listening on /dev/initctl Compatibility Named Pipe.
[  548.809862] systemd[1]: Mounting POSIX Message Queue File System...
         Mounting POSIX Message Queue File System...
[  548.825783] systemd[1]: Starting Load Kernel Modules...
         Starting Load Kernel Modules...
[  548.844033] systemd[1]: Mounted Huge Pages File System.
[[0;32m  OK  [0m] Mounted Huge Pages File System.
[  548.865557] systemd[1]: Mounted POSIX Message Queue File System.
[[0;32m  OK  [0m] Mounted POSIX Message Queue File System.
[  548.882893] systemd[1]: Mounted Debug File System.
[[0;32m  OK  [0m[  548.894330] Loading iSCSI transport class v2.0-870.
] Mounted Debug File System.
[  548.901291] systemd[1]: Started Journal Service.
[[0;32m  OK  [0m] Started Journal Service.
[[0;32m  OK  [0m] Started Create list of required sta...ce nodes for the current kernel.
[  548.930163] iscsi: registered transport (tcp)
[[0;32m  OK  [0m] Started File System Check on Root Device.
[[0;32m  OK  [0m] Started Uncomplicated firewall.
[[0;32m  OK  [0m] Started Set console keymap.
[[0;32m  OK  [0m] Started Nameserver information manager.
[[0;32m  OK  [0m] Started LVM2 metadata daemon.
[[0;32m  OK  [0m] Started File System Check Daemon to report status.
         Starting Remount Root and Kernel File Systems...
         Starting Create Static Device Nodes in /dev...
[  549.085819] EXT4-fs (sda1): re-mounted. Opts: (null)
[[0;32m  OK  [0m] [  549.104816] iscsi: registered transport (iser)
Started Remount Root and Kernel File Systems.
         Starting Load/Save Random Seed...
         Starting Flush Journal to Persistent Storage...
         Starting udev Coldplug all Devices...
[[0;32m  OK  [0m] Started Load Kernel Modules.
[[0;32m  OK  [0m] Started Create Static Device Nodes in /dev.
[[0;32m  OK  [0m] Started Load/Save Random Seed.
         Starting udev Kernel Device Manager...
         Mounting FUSE Control File System...
         Starting Apply Kernel Variables...
[[0;32m  OK  [0m] Mounted FUSE Control File System.
[[0;32m  OK  [0m] Started Apply Kernel Variables.
[[0;32m  OK  [0m] Started udev Kernel Device Manager.
[[0;32m  OK  [0m] Started Flush Journal to Persistent Storage.
[[0;32m  OK  [0m] Started udev Coldplug all Devices.
[[0;32m  OK  [0m] Started Dispatch Password Requests to Console Directory Watch.
[[0;32m  OK  [0m] Started Monitoring of LVM2 mirrors,...ng dmeventd or progress polling.
[[0;32m  OK  [0m] Reached target Local File Systems (Pre).
[[0;32m  OK  [0m] Reached target Local File Systems.
         Starting Set console font and keymap...
         Starting Tell Plymouth To Write Out Runtime Data...
         Starting Create Volatile Files and Directories...
         Starting Commit a transient machine-id on disk...
         Starting LSB: AppArmor initialization...
         Starting Initial cloud-init job (pre-networking)...
[[0;32m  OK  [0m] Started Tell Plymouth To Write Out Runtime Data.
[[0;32m  OK  [0m] Started Create Volatile Files and Directories.
[[0;32m  OK  [0m] Started Commit a transient machine-id on disk.
         Starting Update UTMP about System Boot/Shutdown...
[[0;32m  OK  [0m] Started Update UTMP about System Boot/Shutdown.
[[0;32m  OK  [0m] Found device /dev/ttyS0.
[[0;32m  OK  [0m] Listening on Load/Save RF Kill Switch Status /dev/rfkill Watch.
[[0;32m  OK  [0m] Started LSB: AppArmor initialization.
         Starting Load AppArmor profiles managed internally by snapd...
[  549.964767] cloud-init[527]: Cloud-init v. 21.1-19-gbad84ad4-0ubuntu1~16.04.2 running 'init-local' at Wed, 11 Feb 2026 12:05:48 +0000. Up 549.51 seconds.
[[0;32m  OK  [0m] Started Load AppArmor profiles managed internally by snapd.
[[0;32m  OK  [0m] Started Initial cloud-init job (pre-networking).
[[0;32m  OK  [0m] Reached target Network (Pre).
         Starting Raise network interfaces...
[[0;32m  OK  [0m] Started Set console font and keymap.
[[0;32m  OK  [0m] Created slice system-getty.slice.
[[0;32m  OK  [0m] Started Raise network interfaces.
         Starting Initial cloud-init job (metadata service crawler)...
[[0;32m  OK  [0m] Reached target Network.
[  551.759507] cloud-init[964]: Cloud-init v. 21.1-19-gbad84ad4-0ubuntu1~16.04.2 running 'init' at Wed, 11 Feb 2026 12:05:50 +0000. Up 551.09 seconds.
[  551.767102] cloud-init[964]: ci-info: ++++++++++++++++++++++++++++++++++++++Net device info++++++++++++++++++++++++++++++++++++++
[  551.774006] cloud-init[964]: ci-info: +--------+------+----------------------------+---------------+--------+-------------------+
[  551.780282] cloud-init[964]: ci-info: | Device |  Up  |          Address           |      Mask     | Scope  |     Hw-Address    |
[  551.786928] cloud-init[964]: ci-info: +--------+------+----------------------------+---------------+--------+-------------------+
[  551.793649] cloud-init[964]: ci-info: | enp0s3 | True |         10.0.2.15          | 255.255.255.0 | global | 02:be:82:6b:cc:1d |
[  551.800446] cloud-init[964]: ci-info: | enp0s3 | True | fe80::be:82ff:fe6b:cc1d/64 |       .       |  link  | 02:be:82:6b:cc:1d |
[  551.808391] cloud-init[964]: ci-info: |   lo   | True |         127.0.0.1          |   255.0.0.0   |  host  |         .         |
[  551.819792] cloud-init[964]: ci-info: |   lo   | True |          ::1/128           |       .       |  host  |         .         |
[  551.830018] cloud-init[964]: ci-info: +--------+------+----------------------------+---------------+--------+-------------------+
[  551.840404] cloud-init[[0;32m  OK  [0m] Started Initial cloud-init job (metadata service crawler).
[[0;32m  OK  [0m] Reached target Cloud-config availability.
[[0;32m  OK  [0m] Reached target Network is Online.
[964]: ci-info: +++++++++++++++++++++++++++Route IPv4 info++++++++++++++++++++++++++++
[  551.854124] cloud-init[964]: ci-info: +-------+-------------+----------+---------------+-----------+-------+         Starting iSCSI initiator daemon (iscsid)...
[[0;32m  OK  [0m] Reached target System Initialization.
[[0;32m  OK  [0m] Listening on ACPID Listen Socket.

[[0;32m  OK  [0m] Started ACPI Events Check.
[  551.869951] cloud-init[964]: ci-info: | Route | Destination | Gateway  |    Genmask    | Interface | Flags |[[0;32m  OK  [0m] Reached target Paths.
         Starting Socket activation for snappy daemon.
[[0;32m  OK  [0m] Listening on UUID daemon activation socket.
[[0;32m  OK  [0m] Started Message of the Day.
[[0;32m  OK  [0m] Started Ubuntu Advantage update messaging.
[[0;32m  OK  [0m] Listening on D-Bus System Message Bus Socket.
[[0;32m  OK  [0m] Started Daily Cleanup of Temporary Directories.

[  551.892776] cloud-init[964]: ci-info: +-------+-------------+----------+---------------+-----------+-------+
[  551.898892] cloud-init[964]: ci-info: |   0   |   0.0.0.0   | 10.0.2.2 |    0.0.0.0    |   enp0s3  |   UG  |         Starting LXD - unix socket.
[[0;32m  OK  [0m] Started Daily apt download activities.
[[0;32m  OK  [0m] Started Daily apt upgrade and clean activities.
[[0;32m  OK  [0m] Reached target Timers.
[[0;32m  OK  [0m] Listening on Socket activation for snappy daemon.
[[0;32m  OK  [0m] Listening on LXD - unix socket.
[[0;32m  OK  [0m] Reached target Sockets.
[[0;32m  OK  [0m] Reached target Basic System.
[[0;32m  OK  [0m] Started D-Bus System Message Bus.

[  551.919134] cloud-init[964]: ci-info: |   1   |   10.0.2.0  | 0.0.0.0  | 255.255.255.0 |   enp0s3  |   U   |
[  551.926771] cloud-init[964]: ci-info: +-------+-------------+----------+---------------+-----------+-------+
[  551.938850] cloud-init[964]: ci-info: +++++++++++++++++++Route IPv6 info+++++++++++++++++++
[  551.945185] cloud-init[964]: ci-info: +-------+-------------+---------+-----------+-------+
[  551.950224] cloud-init[964]: ci-info: | Route | Destination | Gateway | Interface | Flags |
[  551.955406] cloud-init[964]: ci-info: +-------+-------------+---------+-----------+-------+
[  551.960126] cloud-init[964]: ci-info: |   0   |  fe80::/64  |    ::   |   enp0s3  |   U   |
[  551.965414] cloud-init[964]: ci-info: |   3   |   ff00::/8  |    ::   |   enp0s3  |   U   |
[  551.970442] cloud-init[964]: ci-info: +-------+-------------+---------+-----------+-------+
[  551.975272] cloud-init[964]: Generating public/private rsa key pair.
[  551.979865] cloud-init[964]: Your identification has been saved in /etc/ssh/ssh_host_rsa_key.
[  551.985440] cloud-init[964]: Your public key has been saved in /etc/ssh/ssh_host_rsa_key.pub.
[  551.992386] cloud-init[964]: The key fingerprint is:
[  551.996549] cloud-init[964]: SHA256:/yOWZzZT5wK0+QSVAU98+8H/X17MWHxSBFWUP4AlHW4 root@ubuntu-xenial
[  552.001801] cloud-init[964]: The key's randomart image is:
[  552.005907] cloud-init[964]: +---[RSA 2048]----+
[  552.009848] cloud-init[964]: |           .===*B|
[  552.013642] cloud-init[964]: |           .o=+o.|
[  552.018063] cloud-init[964]: |             E+.+|
[  552.024726] cloud-init[964]: |            +  B.|
[  552.028330] cloud-init[964]: |        S  . +. O|
[  552.031627] cloud-init[964]: |         .  + o*=|
[  552.035040] cloud-init[964]: |          .. =.o*|
[  552.038650] cloud-init[964]: |          +.B o.=|
         Starting LSB: Record successful boot for GRUB...
[  552.043653]          Starting System Logging Service...
         Starting Accounts Service...
[[0;32m  OK  [0m] Started Regular background program processing daemon.
[[0;32m  OK  [0m] Started Deferred execution scheduler.
         Starting Login Service...
         Starting LXD - container startup/shutdown...
[[0;32m  OK  [0m] Started ACPI event daemon.
cloud-init[[0;32m  OK  [0m] Started FUSE filesystem for LXC.
         Starting Snap Daemon...
         Starting LSB: MD monitoring daemon...
         Starting Virtualbox guest utils...
[964]: |         . =.+ .+|
[  552.103867]          Starting Pollinate to seed the pseudo random number generator...
cloud-init[964]: +----[SHA256]-----+
[  552.130412] cloud-init[964]: Generating public/private dsa key pair.
         Starting /etc/rc.local Compatibility...
[[0;32m  OK  [0m] Started System Logging Service.
[[0;32m  OK  [0m] Started iSCSI initiator daemon (iscsid).
[[0;32m  OK  [0m] Started /etc/rc.local Compatibility.
[  552.139077] cloud-init[964]: Your identification has been saved in /etc/ssh/ssh_host_dsa_key.
         Starting Login to default iSCSI targets...
[[0;32m  OK  [0m] Started Login Service.
[[0;32m  OK  [0m] Started Unattended Upgrades Shutdown.
[  552.197118] cloud-init[964]: Your public key has been saved in /etc/ssh/ssh_host_dsa_key.pub.
[[0;32m  OK  [0m] Started LSB: Record successful boot for GRUB.
[  552.256355] cloud-init[964]: The key fingerprint is:
[  552.277789] cloud-init[964]: SHA256:+5XHneRogpHBNC4atYthnf+sNDanhof4PV7DTkhqww8 root@ubuntu-xenial
[  552.303815] cloud-init[964]: The key's randomart image is:
[  552.310827] cloud-init[964]: +---[DSA 1024]----+
[  552.321835] cloud-init[964]: |       . o       |
[  552.331782] cloud-init[964]: |      o * .      |
[  552.366975] cloud-init[964]: [[0;32m  OK  [0m] Started Login to default iSCSI targets.
[[0;32m  OK  [0m] Reached target Remote File Systems (Pre).
[[0;32m  OK  [0m] Reached target Remote File Systems.
|     + = +       |
         Starting LSB: Set the CPU Frequency Scaling governor to "ondemand"...
         Starting Permit User Sessions...
         Starting LSB: automatic crash report generation...
         Starting LSB: daemon to balance interrupts for SMP systems...
[[0;32m  OK  [0m] Started Permit User Sessions.
         Starting Authenticate and Authorize Users to Run Privileged Tasks...
         Starting Terminate Plymouth Boot Screen...
         Starting Hold until boot process finishes up...
[  552.463917] [[0;32m  OK  [0m] Started Hold until boot process finishes up.
         Starting Set console scheme...
[[0;32m  OK  [0m] Started Serial Getty on ttyS0.
cloud-init[964]: [[0;32m  OK  [0m] Started Getty on tty1.
[[0;32m  OK  [0m] Reached target Login Prompts.
|    . = + o      |
[  552.543433] [[0;32m  OK  [0m] Started Terminate Plymouth Boot Screen.
[[0;32m  OK  [0m] Started Set console scheme.
cloud-init[964]: |     o .S=     . |
[  552.572020] [[0;32m  OK  [0m] Started LSB: MD monitoring daemon.
cloud-init[964]: |      . o.B  o+..|[[0;32m  OK  [0m] Started LXD - container startup/shutdown.
[[0;32m  OK  [0m] Started LSB: Set the CPU Frequency Scaling governor to "ondemand".

[  552.634482] cloud-init[964]: |      .E+B Xoooo.|
[  552.653518] cloud-init[964]: |     ..oB=X.+.   |
[  552.683682] cloud-init[964]: [[0;32m  OK  [0m] Started LSB: daemon to balance interrupts for SMP systems.
|      ..+*o.     |
[[0;32m  OK  [0m] Started LSB: automatic crash report generation.
[  552.720884] cloud-init[964]: +----[SHA256]-----+
[[0;32m  OK  [0m] Started Authenticate and Authorize Users to Run Privileged Tasks.
[  552.735540] cloud-init[964]: Generating public/private ecdsa key pair.[[0;32m  OK  [0m] Started Virtualbox guest utils.

[  552.777420] cloud-init[964]: Your identification has been saved in /etc/ssh/ssh_host_ecdsa_key.
[  552.777577] cloud-init[964]: Your public key has been saved in /etc/ssh/ssh_host_ecdsa_key.pub.
[[0;32m  OK  [0m] Started Accounts Service.
[  552.777680] cloud-init[964]: The key fingerprint is:
[  552.805018] cloud-init[964]: SHA256:lHpiBswGvIxAi2/RBlYarlrqLFuvkAD3bxiIr7wxqEU root@ubuntu-xenial
[  552.823700] cloud-init[964]: The key's randomart image is:
[  552.841573] cloud-init[964]: +---[ECDSA 256]---+
[  552.849756] cloud-init[964]: |.o=..            |
[  552.866958] cloud-init[964]: |oooO     .       |
[  552.880275] cloud-init[964]: |++=.B   o        |
[  552.890851] cloud-init[964]: |o=o* . o         |
[  552.903605] cloud-init[964]: |+ E o = S        |
[  552.921091] cloud-init[964]: |+B   * o         |
[  552.939800] cloud-init[964]: |*o+ . o          |
[  552.946167] cloud-init[964]: |*=o. .           |
[  552.954658] cloud-init[964]: |=*o..            |
[  552.973433] cloud-init[964]: +----[SHA256]-----+
[  552.985178] cloud-init[964]: Generating public/private ed25519 key pair.
[  552.997066] cloud-init[964]: Your identification has been saved in /etc/ssh/ssh_host_ed25519_key.
[  553.014960] cloud-init[964]: Your public key has been saved in /etc/ssh/ssh_host_ed25519_key.pub.
[  553.029442] cloud-init[964]: The key fingerprint is:
[  553.039765] cloud-init[964]: SHA256:oG7wvLrsUg8hXr78xnyBPNNa5w0JWyM30Hw403z+MrU root@ubuntu-xenial
[  553.046986] cloud-init[964]: The key's randomart image is:
[  553.055021] cloud-init[964]: +--[ED25519 256]--+
[  553.061341] cloud-init[964]: |        o +      |
[  553.066671] cloud-init[964]: |       . * + .   |
[  553.072750] cloud-init[964]: |      . . + o    |
[  553.081679] cloud-init[964]: |. .. . + =   . . |
[  553.090556] cloud-init[964]: |..+.o o S +   o .|
[  553.095769] cloud-init[964]: | .o* = = +   o E |
[  553.110069] cloud-init[964]: | ..oO = + o   o  |
[  553.115250] cloud-init[964]: |.. +.* . . .     |
[  553.128022] cloud-init[964]: | o=o+..          |
[  553.136071] cloud-init[964]: +----[SHA256]-----+
[[0;32m  OK  [0m] Started Pollinate to seed the pseudo random number generator.
         Starting OpenBSD Secure Shell server...
[[0;32m  OK  [0m] Started Snap Daemon.
         Starting Wait until snapd is fully seeded...
[[0;32m  OK  [0m] Started OpenBSD Secure Shell server.
[[0;32m  OK  [0m] Started Wait until snapd is fully seeded.
[[0;32m  OK  [0m] Reached target Multi-User System.
[[0;32m  OK  [0m] Reached target Graphical Interface.
         Starting Update UTMP about System Runlevel Changes...
         Starting Apply the settings specified in cloud-config...
[[0;32m  OK  [0m] Started Update UTMP about System Runlevel Changes.
[  555.819017] cloud-init[1318]: Generating locales (this might take a while)...
[  557.043608] cloud-init[1318]:   en_US.UTF-8... done
[  557.048174] cloud-init[1318]: Generation complete.
[  557.393336] cloud-init[1318]: Cloud-init v. 21.1-19-gbad84ad4-0ubuntu1~16.04.2 running 'modules:config' at Wed, 11 Feb 2026 12:05:54 +0000. Up 555.70 seconds.
[[0;32m  OK  [0m] Started Apply the settings specified in cloud-config.
         Starting Execute cloud user/final scripts...
ci-info: no authorized SSH keys fingerprints found for user ubuntu.
<14>Feb 11 12:05:57 ec2: 
<14>Feb 11 12:05:57 ec2: #############################################################
<14>Feb 11 12:05:57 ec2: -----BEGIN SSH HOST KEY FINGERPRINTS-----
<14>Feb 11 12:05:57 ec2: 1024 SHA256:+5XHneRogpHBNC4atYthnf+sNDanhof4PV7DTkhqww8 root@ubuntu-xenial (DSA)
<14>Feb 11 12:05:57 ec2: 256 SHA256:lHpiBswGvIxAi2/RBlYarlrqLFuvkAD3bxiIr7wxqEU root@ubuntu-xenial (ECDSA)
<14>Feb 11 12:05:57 ec2: 256 SHA256:oG7wvLrsUg8hXr78xnyBPNNa5w0JWyM30Hw403z+MrU root@ubuntu-xenial (ED25519)
<14>Feb 11 12:05:57 ec2: 2048 SHA256:/yOWZzZT5wK0+QSVAU98+8H/X17MWHxSBFWUP4AlHW4 root@ubuntu-xenial (RSA)
<14>Feb 11 12:05:57 ec2: -----END SSH HOST KEY FINGERPRINTS-----
<14>Feb 11 12:05:57 ec2: #############################################################
-----BEGIN SSH HOST KEY KEYS-----
ecdsa-sha2-nistp256 AAAAE2VjZHNhLXNoYTItbmlzdHAyNTYAAAAIbmlzdHAyNTYAAABBBFTWoMx380Zjeo6RRJnxjSY9MWkQuExGSu2ScW//Sda+KIAiJmLcljlaNtZS1rLN5QLgnQ/29PMyfebH/3G57XU= root@ubuntu-xenial
ssh-ed25519 AAAAC3NzaC1lZDI1NTE5AAAAIFnWDCK/B+h5kwDu9IM12Yt+rXAR/JKMs6xKcgG3hpzq root@ubuntu-xenial
ssh-rsa AAAAB3NzaC1yc2EAAAADAQABAAABAQDmV1sRr5dKX7zUUvsPlI9XXwPCnE71sQN3eIh9rqXukEe9+/a8ePx4CELCaMi00zNfyfpC1/q9C45qbEOsaLUfCrJ2sDeaKsiWzGdiLid+hJI3UVe7fnTtBowdTkq7svhSljwJTm6QiFXUdIzhDLQYedE/h9YOSrGWza7SmsAT68c97+x4aSuaeG8aATP7WKJpKWW8/OEybq4kaHC7rjy2FTHu623wDf0iw+RVFg+QlbgaXwMHYnO4wWVUAupROhmlnms0PfXWx0GIfEYGxDV0y7g5Hxgvu2yeWpkrPibdOQYxZJ+svTv4JEQTGVn7bUSTRxIvJKN+6cbx9iDXWUvj root@ubuntu-xenial
-----END SSH HOST KEY KEYS-----
[  558.133825] cloud-init[1360]: Cloud-init v. 21.1-19-gbad84ad4-0ubuntu1~16.04.2 running 'modules:final' at Wed, 11 Feb 2026 12:05:56 +0000. Up 557.72 seconds.
[  558.134090] cloud-init[1360]: ci-info: no authorized SSH keys fingerprints found for user ubuntu.
[  558.134702] cloud-init[1360]: Cloud-init v. 21.1-19-gbad84ad4-0ubuntu1~16.04.2 finished at Wed, 11 Feb 2026 12:05:57 +0000. Datasource DataSourceNoCloud [seed=/dev/sdb][dsmode=net].  Up 558.12 seconds

Ubuntu 16.04.7 LTS ubuntu-xenial ttyS0

ubuntu-xenial login: 